Archive member included to satisfy reference by file (symbol)

c:/program files (x86)/atmel/studio/7.0/toolchain/avr8/avr8-gnu-toolchain/bin/../lib/gcc/avr/5.4.0/../../../../avr/lib/avr6\libm.a(addsf3.o)
                              KALMAN.o (__subsf3)
c:/program files (x86)/atmel/studio/7.0/toolchain/avr8/avr8-gnu-toolchain/bin/../lib/gcc/avr/5.4.0/../../../../avr/lib/avr6\libm.a(addsf3x.o)
                              c:/program files (x86)/atmel/studio/7.0/toolchain/avr8/avr8-gnu-toolchain/bin/../lib/gcc/avr/5.4.0/../../../../avr/lib/avr6\libm.a(addsf3.o) (__addsf3x)
c:/program files (x86)/atmel/studio/7.0/toolchain/avr8/avr8-gnu-toolchain/bin/../lib/gcc/avr/5.4.0/../../../../avr/lib/avr6\libm.a(atan2.o)
                              main.o (atan2)
c:/program files (x86)/atmel/studio/7.0/toolchain/avr8/avr8-gnu-toolchain/bin/../lib/gcc/avr/5.4.0/../../../../avr/lib/avr6\libm.a(atan.o)
                              c:/program files (x86)/atmel/studio/7.0/toolchain/avr8/avr8-gnu-toolchain/bin/../lib/gcc/avr/5.4.0/../../../../avr/lib/avr6\libm.a(atan2.o) (atan)
c:/program files (x86)/atmel/studio/7.0/toolchain/avr8/avr8-gnu-toolchain/bin/../lib/gcc/avr/5.4.0/../../../../avr/lib/avr6\libm.a(cmpsf2.o)
                              functions.o (__ltsf2)
c:/program files (x86)/atmel/studio/7.0/toolchain/avr8/avr8-gnu-toolchain/bin/../lib/gcc/avr/5.4.0/../../../../avr/lib/avr6\libm.a(divsf3.o)
                              functions.o (__divsf3)
c:/program files (x86)/atmel/studio/7.0/toolchain/avr8/avr8-gnu-toolchain/bin/../lib/gcc/avr/5.4.0/../../../../avr/lib/avr6\libm.a(divsf3x.o)
                              c:/program files (x86)/atmel/studio/7.0/toolchain/avr8/avr8-gnu-toolchain/bin/../lib/gcc/avr/5.4.0/../../../../avr/lib/avr6\libm.a(divsf3.o) (__divsf3x)
c:/program files (x86)/atmel/studio/7.0/toolchain/avr8/avr8-gnu-toolchain/bin/../lib/gcc/avr/5.4.0/../../../../avr/lib/avr6\libm.a(fixsfsi.o)
                              main.o (__fixsfsi)
c:/program files (x86)/atmel/studio/7.0/toolchain/avr8/avr8-gnu-toolchain/bin/../lib/gcc/avr/5.4.0/../../../../avr/lib/avr6\libm.a(fixunssfsi.o)
                              functions.o (__fixunssfsi)
c:/program files (x86)/atmel/studio/7.0/toolchain/avr8/avr8-gnu-toolchain/bin/../lib/gcc/avr/5.4.0/../../../../avr/lib/avr6\libm.a(floatsisf.o)
                              functions.o (__floatunsisf)
c:/program files (x86)/atmel/studio/7.0/toolchain/avr8/avr8-gnu-toolchain/bin/../lib/gcc/avr/5.4.0/../../../../avr/lib/avr6\libm.a(fp_cmp.o)
                              c:/program files (x86)/atmel/studio/7.0/toolchain/avr8/avr8-gnu-toolchain/bin/../lib/gcc/avr/5.4.0/../../../../avr/lib/avr6\libm.a(cmpsf2.o) (__fp_cmp)
c:/program files (x86)/atmel/studio/7.0/toolchain/avr8/avr8-gnu-toolchain/bin/../lib/gcc/avr/5.4.0/../../../../avr/lib/avr6\libm.a(fp_inf.o)
                              c:/program files (x86)/atmel/studio/7.0/toolchain/avr8/avr8-gnu-toolchain/bin/../lib/gcc/avr/5.4.0/../../../../avr/lib/avr6\libm.a(addsf3x.o) (__fp_inf)
c:/program files (x86)/atmel/studio/7.0/toolchain/avr8/avr8-gnu-toolchain/bin/../lib/gcc/avr/5.4.0/../../../../avr/lib/avr6\libm.a(fp_nan.o)
                              c:/program files (x86)/atmel/studio/7.0/toolchain/avr8/avr8-gnu-toolchain/bin/../lib/gcc/avr/5.4.0/../../../../avr/lib/avr6\libm.a(addsf3x.o) (__fp_nan)
c:/program files (x86)/atmel/studio/7.0/toolchain/avr8/avr8-gnu-toolchain/bin/../lib/gcc/avr/5.4.0/../../../../avr/lib/avr6\libm.a(fp_powser.o)
                              c:/program files (x86)/atmel/studio/7.0/toolchain/avr8/avr8-gnu-toolchain/bin/../lib/gcc/avr/5.4.0/../../../../avr/lib/avr6\libm.a(atan.o) (__fp_powser)
c:/program files (x86)/atmel/studio/7.0/toolchain/avr8/avr8-gnu-toolchain/bin/../lib/gcc/avr/5.4.0/../../../../avr/lib/avr6\libm.a(fp_pscA.o)
                              c:/program files (x86)/atmel/studio/7.0/toolchain/avr8/avr8-gnu-toolchain/bin/../lib/gcc/avr/5.4.0/../../../../avr/lib/avr6\libm.a(addsf3x.o) (__fp_pscA)
c:/program files (x86)/atmel/studio/7.0/toolchain/avr8/avr8-gnu-toolchain/bin/../lib/gcc/avr/5.4.0/../../../../avr/lib/avr6\libm.a(fp_pscB.o)
                              c:/program files (x86)/atmel/studio/7.0/toolchain/avr8/avr8-gnu-toolchain/bin/../lib/gcc/avr/5.4.0/../../../../avr/lib/avr6\libm.a(addsf3x.o) (__fp_pscB)
c:/program files (x86)/atmel/studio/7.0/toolchain/avr8/avr8-gnu-toolchain/bin/../lib/gcc/avr/5.4.0/../../../../avr/lib/avr6\libm.a(fp_round.o)
                              c:/program files (x86)/atmel/studio/7.0/toolchain/avr8/avr8-gnu-toolchain/bin/../lib/gcc/avr/5.4.0/../../../../avr/lib/avr6\libm.a(addsf3.o) (__fp_round)
c:/program files (x86)/atmel/studio/7.0/toolchain/avr8/avr8-gnu-toolchain/bin/../lib/gcc/avr/5.4.0/../../../../avr/lib/avr6\libm.a(fp_split3.o)
[...]
Memory Configuration

Name             Origin             Length             Attributes
text             0x00000000         0x00100000         xr
data             0x00800200         0x0000fe00         rw !x
eeprom           0x00810000         0x00010000         rw !x
fuse             0x00820000         0x00000003         rw !x
lock             0x00830000         0x00000400         rw !x
signature        0x00840000         0x00000400         rw !x
user_signatures  0x00850000         0x00000400         rw !x
*default*        0x00000000         0xffffffff

Linker script and memory map

Address of section .data set to 0x800200
LOAD C:/Program Files (x86)/Atmel/Studio/7.0/Packs/atmel/ATmega_DFP/1.2.132/gcc/dev/atmega2560/avr6/crtatmega2560.o
LOAD ADC.o
LOAD defines.o
LOAD functions.o
LOAD KALMAN.o
LOAD main.o
LOAD MPU6050.o
LOAD PID.o
LOAD TIMER.o
LOAD twimastertimeout.o
LOAD USART.o
LOAD Variable.o
START GROUP
LOAD c:/program files (x86)/atmel/studio/7.0/toolchain/avr8/avr8-gnu-toolchain/bin/../lib/gcc/avr/5.4.0/../../../../avr/lib/avr6\libm.a
LOAD c:/program files (x86)/atmel/studio/7.0/toolchain/avr8/avr8-gnu-toolchain/bin/../lib/gcc/avr/5.4.0/../../../../avr/lib/avr6\libprintf_flt.a
END GROUP
START GROUP
LOAD c:/program files (x86)/atmel/studio/7.0/toolchain/avr8/avr8-gnu-toolchain/bin/../lib/gcc/avr/5.4.0/avr6\libgcc.a
LOAD c:/program files (x86)/atmel/studio/7.0/toolchain/avr8/avr8-gnu-toolchain/bin/../lib/gcc/avr/5.4.0/../../../../avr/lib/avr6\libm.a
LOAD c:/program files (x86)/atmel/studio/7.0/toolchain/avr8/avr8-gnu-toolchain/bin/../lib/gcc/avr/5.4.0/../../../../avr/lib/avr6\libc.a
LOAD C:/Program Files (x86)/Atmel/Studio/7.0/Packs/atmel/ATmega_DFP/1.2.132/gcc/dev/atmega2560/avr6\libatmega2560.a
END GROUP
                0x00100000                __TEXT_REGION_LENGTH__ = DEFINED (__TEXT_REGION_LENGTH__)?__TEXT_REGION_LENGTH__:0x100000
                0x0000fe00                __DATA_REGION_LENGTH__ = DEFINED (__DATA_REGION_LENGTH__)?__DATA_REGION_LENGTH__:0xfe00
                0x00010000                __EEPROM_REGION_LENGTH__ = DEFINED (__EEPROM_REGION_LENGTH__)?__EEPROM_REGION_LENGTH__:0x10000
                [0x00000003]                __FUSE_REGION_LENGTH__ = DEFINED (__FUSE_REGION_LENGTH__)?__FUSE_REGION_LENGTH__:0x400
                0x00000400                __LOCK_REGION_LENGTH__ = DEFINED (__LOCK_REGION_LENGTH__)?__LOCK_REGION_LENGTH__:0x400
                0x00000400                __SIGNATURE_REGION_LENGTH__ = DEFINED (__SIGNATURE_REGION_LENGTH__)?__SIGNATURE_REGION_LENGTH__:0x400
                0x00000400                __USER_SIGNATURE_REGION_LENGTH__ = DEFINED (__USER_SIGNATURE_REGION_LENGTH__)?__USER_SIGNATURE_REGION_LENGTH__:0x400

.hash
 *(.hash)

.dynsym
 *(.dynsym)

.dynstr
 *(.dynstr)

.gnu.version
 *(.gnu.version)

.gnu.version_d
 *(.gnu.version_d)

.gnu.version_r
 *(.gnu.version_r)

.rel.init
 *(.rel.init)

.rela.init
 *(.rela.init)

.rel.text
 *(.rel.text)
 *(.rel.text.*)
 *(.rel.gnu.linkonce.t*)

.rela.text
 *(.rela.text)
 *(.rela.text.*)
 *(.rela.gnu.linkonce.t*)

.rel.fini
 *(.rel.fini)

.rela.fini
 *(.rela.fini)

.rel.rodata
 *(.rel.rodata)
 *(.rel.rodata.*)
 *(.rel.gnu.linkonce.r*)

.rela.rodata
 *(.rela.rodata)
 *(.rela.rodata.*)
 *(.rela.gnu.linkonce.r*)

.rel.data
 *(.rel.data)
 *(.rel.data.*)
 *(.rel.gnu.linkonce.d*)

.rela.data
 *(.rela.data)
 *(.rela.data.*)
 *(.rela.gnu.linkonce.d*)

.rel.ctors
 *(.rel.ctors)

.rela.ctors
 *(.rela.ctors)

.rel.dtors
 *(.rel.dtors)

.rela.dtors
 *(.rela.dtors)

.rel.got
 *(.rel.got)

.rela.got
 *(.rela.got)

.rel.bss
 *(.rel.bss)

.rela.bss
 *(.rela.bss)

.rel.plt
 *(.rel.plt)

.rela.plt
 *(.rela.plt)

.text           0x00000000     0x2be4
 *(.vectors)
 .vectors       0x00000000       0xe4 C:/Program Files (x86)/Atmel/Studio/7.0/Packs/atmel/ATmega_DFP/1.2.132/gcc/dev/atmega2560/avr6/crtatmega2560.o
                0x00000000                __vector_default
                0x00000000                __vectors
 *(.vectors)
 *(.progmem.gcc*)
 .progmem.gcc_fplib
                0x000000e4       0x2d c:/program files (x86)/atmel/studio/7.0/toolchain/avr8/avr8-gnu-toolchain/bin/../lib/gcc/avr/5.4.0/../../../../avr/lib/avr6\libm.a(atan.o)
                0x00000112                . = ALIGN (0x2)
 *fill*         0x00000111        0x1 
                0x00000112                __trampolines_start = .
 *(.trampolines)
 .trampolines   0x00000112        0x0 linker stubs
 *(.trampolines*)
                0x00000112                __trampolines_end = .
 *libprintf_flt.a:*(.progmem.data)
 .progmem.data  0x00000112        0x8 c:/program files (x86)/atmel/studio/7.0/toolchain/avr8/avr8-gnu-toolchain/bin/../lib/gcc/avr/5.4.0/../../../../avr/lib/avr6\libprintf_flt.a(vfprintf_flt.o)
 *libc.a:*(.progmem.data)
 .progmem.data  0x0000011a       0xfa c:/program files (x86)/atmel/studio/7.0/toolchain/avr8/avr8-gnu-toolchain/bin/../lib/gcc/avr/5.4.0/../../../../avr/lib/avr6\libc.a(ftoa_engine.o)
 *(.progmem*)
                0x00000214                . = ALIGN (0x2)
 *(.jumptables)
 *(.jumptables*)
 *(.lowtext)
 *(.lowtext*)
                0x00000214                __ctors_start = .
 *(.ctors)
                0x00000214                __ctors_end = .
                0x00000214                __dtors_start = .
 *(.dtors)
                0x00000214                __dtors_end = .
 SORT(*)(.ctors)
 SORT(*)(.dtors)
 *(.init0)
 .init0         0x00000214        0x0 C:/Program Files (x86)/Atmel/Studio/7.0/Packs/atmel/ATmega_DFP/1.2.132/gcc/dev/atmega2560/avr6/crtatmega2560.o
                0x00000214                __init
 *(.init0)
 *(.init1)
 *(.init1)
 *(.init2)
 .init2         0x00000214       0x10 C:/Program Files (x86)/Atmel/Studio/7.0/Packs/atmel/ATmega_DFP/1.2.132/gcc/dev/atmega2560/avr6/crtatmega2560.o
 *(.init2)
 *(.init3)
 *(.init3)
 *(.init4)
 .init4         0x00000224       0x1a c:/program files (x86)/atmel/studio/7.0/toolchain/avr8/avr8-gnu-toolchain/bin/../lib/gcc/avr/5.4.0/avr6\libgcc.a(_copy_data.o)
                0x00000224                __do_copy_data
 .init4         0x0000023e       0x10 c:/program files (x86)/atmel/studio/7.0/toolchain/avr8/avr8-gnu-toolchain/bin/../lib/gcc/avr/5.4.0/avr6\libgcc.a(_clear_bss.o)
                0x0000023e                __do_clear_bss
 *(.init4)
 *(.init5)
 *(.init5)
 *(.init6)
 *(.init6)
 *(.init7)
 *(.init7)
 *(.init8)
 *(.init8)
 *(.init9)
 .init9         0x0000024e        0x6 C:/Program Files (x86)/Atmel/Studio/7.0/Packs/atmel/ATmega_DFP/1.2.132/gcc/dev/atmega2560/avr6/crtatmega2560.o
 *(.init9)
 *(.text)
 .text          0x00000254        0x2 C:/Program Files (x86)/Atmel/Studio/7.0/Packs/atmel/ATmega_DFP/1.2.132/gcc/dev/atmega2560/avr6/crtatmega2560.o
                0x00000254                __vector_38
                0x00000254                __vector_22
                0x00000254                __vector_28
                0x00000254                __vector_1
                0x00000254                __vector_32
                0x00000254                __vector_34
                0x00000254                __vector_24
                0x00000254                __vector_12
                0x00000254                __vector_55
                0x00000254                __vector_46
                0x00000254                __bad_interrupt
                0x00000254                __vector_6
                0x00000254                __vector_31
                0x00000254                __vector_35
                0x00000254                __vector_39
                0x00000254                __vector_3
                0x00000254                __vector_30
                0x00000254                __vector_45
                0x00000254                __vector_25
                0x00000254                __vector_11
                0x00000254                __vector_54
                0x00000254                __vector_13
                0x00000254                __vector_19
                0x00000254                __vector_56
                0x00000254                __vector_7
                0x00000254                __vector_49
                0x00000254                __vector_41
                0x00000254                __vector_43
                0x00000254                __vector_27
                0x00000254                __vector_5
                0x00000254                __vector_33
                0x00000254                __vector_52
                0x00000254                __vector_37
                0x00000254                __vector_4
                0x00000254                __vector_44
                0x00000254                __vector_51
                0x00000254                __vector_9
                0x00000254                __vector_2
                0x00000254                __vector_21
                0x00000254                __vector_15
                0x00000254                __vector_36
                0x00000254                __vector_29
                0x00000254                __vector_40
                0x00000254                __vector_8
                0x00000254                __vector_26
                0x00000254                __vector_48
                0x00000254                __vector_14
                0x00000254                __vector_53
                0x00000254                __vector_10
                0x00000254                __vector_50
                0x00000254                __vector_16
                0x00000254                __vector_18
                0x00000254                __vector_20
                0x00000254                __vector_42
                0x00000256                . = ALIGN (0x2)
 *(.text.*)
 .text.init_gpio
                0x00000256        0x2 functions.o
                0x00000256                init_gpio
 .text.PWM_update
                0x00000258      0x1c6 functions.o
                0x00000258                PWM_update
 .text.PWM_update_2
                0x0000041e      0x104 functions.o
                0x0000041e                PWM_update_2
 .text.init_motor_gpio
                0x00000522       0x46 functions.o
                0x00000522                init_motor_gpio
 .text.getAngle
                0x00000568      0x346 KALMAN.o
                0x00000568                getAngle
 .text.Kalman_init
                0x000008ae       0x8e KALMAN.o
                0x000008ae                Kalman_init
 .text.getAngle_1
                0x0000093c      0x328 KALMAN.o
                0x0000093c                getAngle_1
 .text.Kalman_init_1
                0x00000c64       0x8e KALMAN.o
                0x00000c64                Kalman_init_1
 .text.main     0x00000cf2      0x420 main.o
                0x00000cf2                main
 .text.mpu6050_writeByte
                0x00001112       0x1c MPU6050.o
                0x00001112                mpu6050_writeByte
 .text.mpu6050_readBytes
                0x0000112e       0x90 MPU6050.o
                0x0000112e                mpu6050_readBytes
 .text.mpu6050_getRawData
                0x000011be       0xd6 MPU6050.o
                0x000011be                mpu6050_getRawData
 .text.Compute_PID
                0x00001294      0x104 PID.o
                0x00001294                Compute_PID
 .text.setup_timer4
                0x00001398       0x28 TIMER.o
                0x00001398                setup_timer4
 .text.setup_timer3
                0x000013c0       0x28 TIMER.o
                0x000013c0                setup_timer3
 .text.setup_timer5
                0x000013e8       0x12 TIMER.o
                0x000013e8                setup_timer5
 .text.Enable_timer5_compare_interrupt
                0x000013fa        0xc TIMER.o
                0x000013fa                Enable_timer5_compare_interrupt
 .text.setup_timer1
                0x00001406       0x12 TIMER.o
                0x00001406                setup_timer1
 .text.setup_timer0
                0x00001418        0xe TIMER.o
                0x00001418                setup_timer0
 .text.Enable_timer0_overflow_interrupt
                0x00001426        0xc TIMER.o
                0x00001426                Enable_timer0_overflow_interrupt
 .text.micros   0x00001432       0x4c TIMER.o
                0x00001432                micros
 .text.__vector_23
                0x0000147e       0x94 TIMER.o
                0x0000147e                __vector_23
 .text.__vector_47
                0x00001512       0x14 TIMER.o
                0x00001512                __vector_47
 .text.__vector_17
                0x00001526       0x50 TIMER.o
                0x00001526                __vector_17
 .text.i2c_init
                0x00001576        0xc twimastertimeout.o
                0x00001576                i2c_init
 .text.i2c_start
                0x00001582       0x8c twimastertimeout.o
                0x00001582                i2c_start
 .text.i2c_stop
                0x0000160e       0x20 twimastertimeout.o
                0x0000160e                i2c_stop
 .text.i2c_write
                0x0000162e       0x42 twimastertimeout.o
                0x0000162e                i2c_write
 .text.i2c_readAck
                0x00001670       0x34 twimastertimeout.o
                0x00001670                i2c_readAck
 .text.i2c_readNak
                0x000016a4       0x34 twimastertimeout.o
                0x000016a4                i2c_readNak
 .text.USART_Init
                0x000016d8       0x16 USART.o
                0x000016d8                USART_Init
 .text.uart_putchar
                0x000016ee       0x22 USART.o
                0x000016ee                uart_putchar
 .text.printDouble
                0x00001710       0x72 USART.o
                0x00001710                printDouble
 .text.printSD  0x00001782       0x44 USART.o
                0x00001782                printSD
 .text.avr-libc.fplib
                0x000017c6        0xa c:/program files (x86)/atmel/studio/7.0/toolchain/avr8/avr8-gnu-toolchain/bin/../lib/gcc/avr/5.4.0/../../../../avr/lib/avr6\libm.a(addsf3.o)
                0x000017c6                __subsf3
                0x000017c8                __addsf3
 .text.avr-libc.fplib
                0x000017d0       0xc0 c:/program files (x86)/atmel/studio/7.0/toolchain/avr8/avr8-gnu-toolchain/bin/../lib/gcc/avr/5.4.0/../../../../avr/lib/avr6\libm.a(addsf3x.o)
                0x000017ea                __addsf3x
 .text.avr-libc.fplib
                0x00001890       0x74 c:/program files (x86)/atmel/studio/7.0/toolchain/avr8/avr8-gnu-toolchain/bin/../lib/gcc/avr/5.4.0/../../../../avr/lib/avr6\libm.a(atan2.o)
                0x000018ae                atan2
 .text.avr-libc.fplib
                0x00001904       0x50 c:/program files (x86)/atmel/studio/7.0/toolchain/avr8/avr8-gnu-toolchain/bin/../lib/gcc/avr/5.4.0/../../../../avr/lib/avr6\libm.a(atan.o)
                0x00001904                atan
 .text.avr-libc.fplib
                0x00001954        0x8 c:/program files (x86)/atmel/studio/7.0/toolchain/avr8/avr8-gnu-toolchain/bin/../lib/gcc/avr/5.4.0/../../../../avr/lib/avr6\libm.a(cmpsf2.o)
                0x00001954                __nesf2
                0x00001954                __eqsf2
                0x00001954                __cmpsf2
                0x00001954                __ltsf2
                0x00001954                __lesf2
 .text.avr-libc.fplib
                0x0000195c        0x4 c:/program files (x86)/atmel/studio/7.0/toolchain/avr8/avr8-gnu-toolchain/bin/../lib/gcc/avr/5.4.0/../../../../avr/lib/avr6\libm.a(divsf3.o)
                0x0000195c                __divsf3
 .text.avr-libc.fplib
                0x00001960       0xcc c:/program files (x86)/atmel/studio/7.0/toolchain/avr8/avr8-gnu-toolchain/bin/../lib/gcc/avr/5.4.0/../../../../avr/lib/avr6\libm.a(divsf3x.o)
                0x00001976                __divsf3x
                0x0000197a                __divsf3_pse
 .text.avr-libc.fplib
                0x00001a2c        0xa c:/program files (x86)/atmel/studio/7.0/toolchain/avr8/avr8-gnu-toolchain/bin/../lib/gcc/avr/5.4.0/../../../../avr/lib/avr6\libm.a(fixsfsi.o)
                0x00001a2c                __fixsfsi
 .text.avr-libc.fplib
                0x00001a36       0x58 c:/program files (x86)/atmel/studio/7.0/toolchain/avr8/avr8-gnu-toolchain/bin/../lib/gcc/avr/5.4.0/../../../../avr/lib/avr6\libm.a(fixunssfsi.o)
                0x00001a36                __fixunssfsi
 .text.avr-libc.fplib
                0x00001a8e       0x7a c:/program files (x86)/atmel/studio/7.0/toolchain/avr8/avr8-gnu-toolchain/bin/../lib/gcc/avr/5.4.0/../../../../avr/lib/avr6\libm.a(floatsisf.o)
                0x00001a8e                __floatunsisf
                0x00001a92                __floatsisf
 .text.avr-libc.fplib
                0x00001b08       0x48 c:/program files (x86)/atmel/studio/7.0/toolchain/avr8/avr8-gnu-toolchain/bin/../lib/gcc/avr/5.4.0/../../../../avr/lib/avr6\libm.a(fp_cmp.o)
                0x00001b08                __fp_cmp
 .text.avr-libc.fplib
                0x00001b50        0xc c:/program files (x86)/atmel/studio/7.0/toolchain/avr8/avr8-gnu-toolchain/bin/../lib/gcc/avr/5.4.0/../../../../avr/lib/avr6\libm.a(fp_inf.o)
                0x00001b50                __fp_inf
 .text.avr-libc.fplib
                0x00001b5c        0x6 c:/program files (x86)/atmel/studio/7.0/toolchain/avr8/avr8-gnu-toolchain/bin/../lib/gcc/avr/5.4.0/../../../../avr/lib/avr6\libm.a(fp_nan.o)
                0x00001b5c                __fp_nan
 .text.avr-libc.fplib
                0x00001b62       0x4a c:/program files (x86)/atmel/studio/7.0/toolchain/avr8/avr8-gnu-toolchain/bin/../lib/gcc/avr/5.4.0/../../../../avr/lib/avr6\libm.a(fp_powser.o)
                0x00001b62                __fp_powser
 .text.avr-libc.fplib
                0x00001bac        0xe c:/program files (x86)/atmel/studio/7.0/toolchain/avr8/avr8-gnu-toolchain/bin/../lib/gcc/avr/5.4.0/../../../../avr/lib/avr6\libm.a(fp_pscA.o)
                0x00001bac                __fp_pscA
 .text.avr-libc.fplib
                0x00001bba        0xe c:/program files (x86)/atmel/studio/7.0/toolchain/avr8/avr8-gnu-toolchain/bin/../lib/gcc/avr/5.4.0/../../../../avr/lib/avr6\libm.a(fp_pscB.o)
                0x00001bba                __fp_pscB
 .text.avr-libc.fplib
                0x00001bc8       0x22 c:/program files (x86)/atmel/studio/7.0/toolchain/avr8/avr8-gnu-toolchain/bin/../lib/gcc/avr/5.4.0/../../../../avr/lib/avr6\libm.a(fp_round.o)
                0x00001bc8                __fp_round
 .text.avr-libc.fplib
                0x00001bea       0x44 c:/program files (x86)/atmel/studio/7.0/toolchain/avr8/avr8-gnu-toolchain/bin/../lib/gcc/avr/5.4.0/../../../../avr/lib/avr6\libm.a(fp_split3.o)
                0x00001bea                __fp_split3
                0x00001bfa                __fp_splitA
 .text.avr-libc.fplib
                0x00001c2e        0xe c:/program files (x86)/atmel/studio/7.0/toolchain/avr8/avr8-gnu-toolchain/bin/../lib/gcc/avr/5.4.0/../../../../avr/lib/avr6\libm.a(fp_zero.o)
                0x00001c2e                __fp_zero
                0x00001c30                __fp_szero
 .text.avr-libc.fplib
                0x00001c3c        0x8 c:/program files (x86)/atmel/studio/7.0/toolchain/avr8/avr8-gnu-toolchain/bin/../lib/gcc/avr/5.4.0/../../../../avr/lib/avr6\libm.a(gesf2.o)
                0x00001c3c                __gesf2
                0x00001c3c                __gtsf2
 .text.avr-libc.fplib
                0x00001c44        0xe c:/program files (x86)/atmel/studio/7.0/toolchain/avr8/avr8-gnu-toolchain/bin/../lib/gcc/avr/5.4.0/../../../../avr/lib/avr6\libm.a(inverse.o)
                0x00001c44                inverse
 .text.avr-libc.fplib
                0x00001c52        0x4 c:/program files (x86)/atmel/studio/7.0/toolchain/avr8/avr8-gnu-toolchain/bin/../lib/gcc/avr/5.4.0/../../../../avr/lib/avr6\libm.a(mulsf3.o)
                0x00001c52                __mulsf3
 .text.avr-libc.fplib
                0x00001c56       0xc2 c:/program files (x86)/atmel/studio/7.0/toolchain/avr8/avr8-gnu-toolchain/bin/../lib/gcc/avr/5.4.0/../../../../avr/lib/avr6\libm.a(mulsf3x.o)
                0x00001c6a                __mulsf3x
                0x00001c6e                __mulsf3_pse
 .text.avr-libc.fplib
                0x00001d18       0x84 c:/program files (x86)/atmel/studio/7.0/toolchain/avr8/avr8-gnu-toolchain/bin/../lib/gcc/avr/5.4.0/../../../../avr/lib/avr6\libm.a(sqrt.o)
                0x00001d20                sqrtf
                0x00001d20                sqrt
 .text.avr-libc.fplib
                0x00001d9c        0x6 c:/program files (x86)/atmel/studio/7.0/toolchain/avr8/avr8-gnu-toolchain/bin/../lib/gcc/avr/5.4.0/../../../../avr/lib/avr6\libm.a(square.o)
                0x00001d9c                square
 .text.avr-libc.fplib
                0x00001da2       0x1c c:/program files (x86)/atmel/studio/7.0/toolchain/avr8/avr8-gnu-toolchain/bin/../lib/gcc/avr/5.4.0/../../../../avr/lib/avr6\libm.a(fp_mpack.o)
                0x00001da2                __fp_mpack
                0x00001da6                __fp_mpack_finite
 .text.avr-libc.fplib
                0x00001dbe        0xe c:/program files (x86)/atmel/studio/7.0/toolchain/avr8/avr8-gnu-toolchain/bin/../lib/gcc/avr/5.4.0/../../../../avr/lib/avr6\libm.a(fp_norm2.o)
                0x00001dbe                __fp_norm2
 .text.avr-libc
                0x00001dcc      0x712 c:/program files (x86)/atmel/studio/7.0/toolchain/avr8/avr8-gnu-toolchain/bin/../lib/gcc/avr/5.4.0/../../../../avr/lib/avr6\libprintf_flt.a(vfprintf_flt.o)
                0x00001dcc                vfprintf
 .text.libgcc.div
                0x000024de       0x26 c:/program files (x86)/atmel/studio/7.0/toolchain/avr8/avr8-gnu-toolchain/bin/../lib/gcc/avr/5.4.0/avr6\libgcc.a(_divmodhi4.o)
                0x000024de                _div
                0x000024de                __divmodhi4
 .text.libgcc.div
                0x00002504       0x28 c:/program files (x86)/atmel/studio/7.0/toolchain/avr8/avr8-gnu-toolchain/bin/../lib/gcc/avr/5.4.0/avr6\libgcc.a(_udivmodhi4.o)
                0x00002504                __udivmodhi4
 .text.avr-libc
                0x0000252c      0x1b0 c:/program files (x86)/atmel/studio/7.0/toolchain/avr8/avr8-gnu-toolchain/bin/../lib/gcc/avr/5.4.0/../../../../avr/lib/avr6\libc.a(ftoa_engine.o)
                0x0000252c                __ftoa_engine
 .text.avr-libc
                0x000026dc       0x16 c:/program files (x86)/atmel/studio/7.0/toolchain/avr8/avr8-gnu-toolchain/bin/../lib/gcc/avr/5.4.0/../../../../avr/lib/avr6\libc.a(strnlen_P.o)
                0x000026dc                strnlen_P
 .text.avr-libc
                0x000026f2       0x16 c:/program files (x86)/atmel/studio/7.0/toolchain/avr8/avr8-gnu-toolchain/bin/../lib/gcc/avr/5.4.0/../../../../avr/lib/avr6\libc.a(strnlen.o)
                0x000026f2                strnlen
 .text.avr-libc
                0x00002708       0x94 c:/program files (x86)/atmel/studio/7.0/toolchain/avr8/avr8-gnu-toolchain/bin/../lib/gcc/avr/5.4.0/../../../../avr/lib/avr6\libc.a(fdevopen.o)
                0x00002708                fdevopen
 .text.avr-libc
                0x0000279c       0x78 c:/program files (x86)/atmel/studio/7.0/toolchain/avr8/avr8-gnu-toolchain/bin/../lib/gcc/avr/5.4.0/../../../../avr/lib/avr6\libc.a(fputc.o)
                0x0000279c                fputc
 .text.avr-libc
                0x00002814       0x26 c:/program files (x86)/atmel/studio/7.0/toolchain/avr8/avr8-gnu-toolchain/bin/../lib/gcc/avr/5.4.0/../../../../avr/lib/avr6\libc.a(printf.o)
                0x00002814                printf
 .text.avr-libc
                0x0000283a        0xa c:/program files (x86)/atmel/studio/7.0/toolchain/avr8/avr8-gnu-toolchain/bin/../lib/gcc/avr/5.4.0/../../../../avr/lib/avr6\libc.a(putchar.o)
                0x0000283a                putchar
 .text.avr-libc
                0x00002844       0x5c c:/program files (x86)/atmel/studio/7.0/toolchain/avr8/avr8-gnu-toolchain/bin/../lib/gcc/avr/5.4.0/../../../../avr/lib/avr6\libc.a(sprintf.o)
                0x00002844                sprintf
 .text.avr-libc
                0x000028a0       0xbc c:/program files (x86)/atmel/studio/7.0/toolchain/avr8/avr8-gnu-toolchain/bin/../lib/gcc/avr/5.4.0/../../../../avr/lib/avr6\libc.a(ultoa_invert.o)
                0x000028a0                __ultoa_invert
 .text.avr-libc
                0x0000295c       0x34 c:/program files (x86)/atmel/studio/7.0/toolchain/avr8/avr8-gnu-toolchain/bin/../lib/gcc/avr/5.4.0/../../../../avr/lib/avr6\libc.a(calloc.o)
                0x0000295c                calloc
 .text.avr-libc
                0x00002990      0x242 c:/program files (x86)/atmel/studio/7.0/toolchain/avr8/avr8-gnu-toolchain/bin/../lib/gcc/avr/5.4.0/../../../../avr/lib/avr6\libc.a(malloc.o)
                0x00002990                malloc
                0x00002ac0                free
 .text.avr-libc
                0x00002bd2        0xe c:/program files (x86)/atmel/studio/7.0/toolchain/avr8/avr8-gnu-toolchain/bin/../lib/gcc/avr/5.4.0/../../../../avr/lib/avr6\libc.a(memset.o)
                0x00002bd2                memset
                0x00002be0                . = ALIGN (0x2)
 *(.fini9)
 .fini9         0x00002be0        0x0 c:/program files (x86)/atmel/studio/7.0/toolchain/avr8/avr8-gnu-toolchain/bin/../lib/gcc/avr/5.4.0/avr6\libgcc.a(_exit.o)
                0x00002be0                _exit
                0x00002be0                exit
 *(.fini9)
 *(.fini8)
 *(.fini8)
 *(.fini7)
 *(.fini7)
 *(.fini6)
 *(.fini6)
 *(.fini5)
 *(.fini5)
 *(.fini4)
 *(.fini4)
 *(.fini3)
 *(.fini3)
 *(.fini2)
 *(.fini2)
 *(.fini1)
 *(.fini1)
 *(.fini0)
 .fini0         0x00002be0        0x4 c:/program files (x86)/atmel/studio/7.0/toolchain/avr8/avr8-gnu-toolchain/bin/../lib/gcc/avr/5.4.0/avr6\libgcc.a(_exit.o)
 *(.fini0)
                0x00002be4                _etext = .

.data           0x00800200      0x1a4 load address 0x00002be4
                0x00800200                PROVIDE (__data_start, .)
 *(.data)
 .data          0x00800200        0x6 c:/program files (x86)/atmel/studio/7.0/toolchain/avr8/avr8-gnu-toolchain/bin/../lib/gcc/avr/5.4.0/../../../../avr/lib/avr6\libc.a(malloc.o)
                0x00800200                __malloc_heap_end
                0x00800202                __malloc_heap_start
                0x00800204                __malloc_margin
 *(.data*)
 .data.pwmSin   0x00800206      0x169 functions.o
                0x00800206                pwmSin
 .data.W_step_2
                0x0080036f        0x2 functions.o
                0x0080036f                W_step_2
 .data.V_step_2
                0x00800371        0x2 functions.o
                0x00800371                V_step_2
 .data.W_step   0x00800373        0x2 functions.o
                0x00800373                W_step
 .data.V_step   0x00800375        0x2 functions.o
                0x00800375                V_step
 .data.loop_bool
                0x00800377        0x2 main.o
                0x00800377                loop_bool
 .data.kd_roll  0x00800379        0x4 Variable.o
                0x00800379                kd_roll
 .data.ki_roll  0x0080037d        0x4 Variable.o
                0x0080037d                ki_roll
 .data.kp_roll  0x00800381        0x4 Variable.o
                0x00800381                kp_roll
 *(.rodata)
 *(.rodata*)
 .rodata.str1.1
                0x00800385       0x18 main.o
 .rodata.str1.1
                0x0080039d        0x6 USART.o
 *(.gnu.linkonce.d*)
                0x008003a4                . = ALIGN (0x2)
 *fill*         0x008003a3        0x1 
                0x008003a4                _edata = .
                0x008003a4                PROVIDE (__data_end, .)

.bss            0x008003a4       0x93
                0x008003a4                PROVIDE (__bss_start, .)
 *(.bss)
 *(.bss*)
 .bss.U_step_2  0x008003a4        0x2 functions.o
                0x008003a4                U_step_2
 .bss.U_step    0x008003a6        0x2 functions.o
                0x008003a6                U_step
 .bss.timer0_fract
                0x008003a8        0x1 TIMER.o
 .bss.timer0_millis
                0x008003a9        0x4 TIMER.o
                0x008003a9                timer0_millis
 .bss.timer0_overflow_count
                0x008003ad        0x4 TIMER.o
                0x008003ad                timer0_overflow_count
 .bss.pid_i_roll
                0x008003b1        0x4 Variable.o
                0x008003b1                pid_i_roll
 .bss.previous_error_roll
                0x008003b5        0x4 Variable.o
                0x008003b5                previous_error_roll
 .bss.PID_roll  0x008003b9        0x4 Variable.o
                0x008003b9                PID_roll
 *(COMMON)
 COMMON         0x008003bd        0x4 ADC.o
                0x008003bd                pwm_delay_2
                0x008003bf                pwm_delay
 COMMON         0x008003c1        0x8 defines.o
                0x008003c1                uart_str
                0x008003c3                direction
                0x008003c5                incr_2
                0x008003c7                incr
 COMMON         0x008003c9       0x50 KALMAN.o
                0x008003c9                Q_bias
                0x008003cd                rate
                0x008003d1                Q_angle
                0x008003d5                bias
                0x008003d9                angle_1
                0x008003dd                P_1
                0x008003ed                rate_1
                0x008003f1                R_measure
                0x008003f5                bias_1
                0x008003f9                angle
                0x008003fd                R_measure_1
                0x00800401                Q_bias_1
                0x00800405                P
                0x00800415                Q_angle_1
 COMMON         0x00800419       0x14 Variable.o
                0x00800419                error_pitch
                0x0080041d                kalman_angle_pitch
                0x00800421                previous_error_pitch
                0x00800425                dt
                0x00800429                kalman_angle_roll
 COMMON         0x0080042d        0x6 c:/program files (x86)/atmel/studio/7.0/toolchain/avr8/avr8-gnu-toolchain/bin/../lib/gcc/avr/5.4.0/../../../../avr/lib/avr6\libc.a(iob.o)
                0x0080042d                __iob
 COMMON         0x00800433        0x4 c:/program files (x86)/atmel/studio/7.0/toolchain/avr8/avr8-gnu-toolchain/bin/../lib/gcc/avr/5.4.0/../../../../avr/lib/avr6\libc.a(malloc.o)
                0x00800433                __brkval
                0x00800435                __flp
                0x00800437                PROVIDE (__bss_end, .)
                0x00002be4                __data_load_start = LOADADDR (.data)
                0x00002d88                __data_load_end = (__data_load_start + SIZEOF (.data))

.noinit         0x00800437        0x0
                [!provide]                PROVIDE (__noinit_start, .)
 *(.noinit*)
                [!provide]                PROVIDE (__noinit_end, .)
                0x00800437                _end = .
                0x00800437                PROVIDE (__heap_start, .)

.eeprom         0x00810000        0x0
 *(.eeprom*)
                0x00810000                __eeprom_end = .

.fuse
 *(.fuse)
 *(.lfuse)
 *(.hfuse)
 *(.efuse)

.lock
 *(.lock*)

.signature
 *(.signature*)

.user_signatures
 *(.user_signatures*)

.stab
 *(.stab)

.stabstr
 *(.stabstr)

.stab.excl
 *(.stab.excl)

.stab.exclstr
 *(.stab.exclstr)

.stab.index
 *(.stab.index)

.stab.indexstr
 *(.stab.indexstr)

.comment        0x00000000       0x5c
 *(.comment)
 .comment       0x00000000       0x30 ADC.o
                                 0x31 (size before relaxing)
 .comment       0x00000030       0x31 defines.o
 .comment       0x00000030       0x31 functions.o
 .comment       0x00000030       0x31 KALMAN.o
 .comment       0x00000030       0x31 main.o
 .comment       0x00000030       0x31 MPU6050.o
 .comment       0x00000030       0x31 PID.o
 .comment       0x00000030       0x31 TIMER.o
 .comment       0x00000030       0x31 twimastertimeout.o
 .comment       0x00000030       0x31 USART.o
 .comment       0x00000030       0x31 Variable.o
 .comment       0x00000030       0x2c c:/program files (x86)/atmel/studio/7.0/toolchain/avr8/avr8-gnu-toolchain/bin/../lib/gcc/avr/5.4.0/../../../../avr/lib/avr6\libprintf_flt.a(vfprintf_flt.o)
                                 0x2d (size before relaxing)
 .comment       0x0000005c       0x31 c:/program files (x86)/atmel/studio/7.0/toolchain/avr8/avr8-gnu-toolchain/bin/../lib/gcc/avr/5.4.0/../../../../avr/lib/avr6\libc.a(fdevopen.o)
 .comment       0x0000005c       0x31 c:/program files (x86)/atmel/studio/7.0/toolchain/avr8/avr8-gnu-toolchain/bin/../lib/gcc/avr/5.4.0/../../../../avr/lib/avr6\libc.a(fputc.o)
 .comment       0x0000005c       0x31 c:/program files (x86)/atmel/studio/7.0/toolchain/avr8/avr8-gnu-toolchain/bin/../lib/gcc/avr/5.4.0/../../../../avr/lib/avr6\libc.a(iob.o)
 .comment       0x0000005c       0x31 c:/program files (x86)/atmel/studio/7.0/toolchain/avr8/avr8-gnu-toolchain/bin/../lib/gcc/avr/5.4.0/../../../../avr/lib/avr6\libc.a(printf.o)
 .comment       0x0000005c       0x31 c:/program files (x86)/atmel/studio/7.0/toolchain/avr8/avr8-gnu-toolchain/bin/../lib/gcc/avr/5.4.0/../../../../avr/lib/avr6\libc.a(putchar.o)
 .comment       0x0000005c       0x31 c:/program files (x86)/atmel/studio/7.0/toolchain/avr8/avr8-gnu-toolchain/bin/../lib/gcc/avr/5.4.0/../../../../avr/lib/avr6\libc.a(sprintf.o)
 .comment       0x0000005c       0x31 c:/program files (x86)/atmel/studio/7.0/toolchain/avr8/avr8-gnu-toolchain/bin/../lib/gcc/avr/5.4.0/../../../../avr/lib/avr6\libc.a(calloc.o)
 .comment       0x0000005c       0x31 c:/program files (x86)/atmel/studio/7.0/toolchain/avr8/avr8-gnu-toolchain/bin/../lib/gcc/avr/5.4.0/../../../../avr/lib/avr6\libc.a(malloc.o)

.note.gnu.avr.deviceinfo
                0x00000000       0x40
 .note.gnu.avr.deviceinfo
                0x00000000       0x40 C:/Program Files (x86)/Atmel/Studio/7.0/Packs/atmel/ATmega_DFP/1.2.132/gcc/dev/atmega2560/avr6/crtatmega2560.o

.note.gnu.build-id
 *(.note.gnu.build-id)

.debug
 *(.debug)

.line
 *(.line)

.debug_srcinfo
 *(.debug_srcinfo)

.debug_sfnames
 *(.debug_sfnames)

.debug_aranges  0x00000000      0x2c0
 *(.debug_aranges)
 .debug_aranges
                0x00000000       0x20 ADC.o
 .debug_aranges
                0x00000020       0x18 defines.o
 .debug_aranges
                0x00000038       0x50 functions.o
 .debug_aranges
                0x00000088       0x38 KALMAN.o
 .debug_aranges
                0x000000c0       0x20 main.o
 .debug_aranges
                0x000000e0       0x78 MPU6050.o
 .debug_aranges
                0x00000158       0x20 PID.o
 .debug_aranges
                0x00000178       0x80 TIMER.o
 .debug_aranges
                0x000001f8       0x58 twimastertimeout.o
 .debug_aranges
                0x00000250       0x58 USART.o
 .debug_aranges
                0x000002a8       0x18 Variable.o

.debug_pubnames
 *(.debug_pubnames)

.debug_info     0x00000000     0x38aa
 *(.debug_info .gnu.linkonce.wi.*)
 .debug_info    0x00000000      0xbbc C:/Program Files (x86)/Atmel/Studio/7.0/Packs/atmel/ATmega_DFP/1.2.132/gcc/dev/atmega2560/avr6/crtatmega2560.o
 .debug_info    0x00000bbc       0xa6 ADC.o
 .debug_info    0x00000c62      0x1b2 defines.o
 .debug_info    0x00000e14      0x4f6 functions.o
 .debug_info    0x0000130a      0x2a6 KALMAN.o
 .debug_info    0x000015b0      0x9fe main.o
 .debug_info    0x00001fae      0x9d2 MPU6050.o
 .debug_info    0x00002980      0x24e PID.o
 .debug_info    0x00002bce      0x3b3 TIMER.o
 .debug_info    0x00002f81      0x22d twimastertimeout.o
 .debug_info    0x000031ae      0x533 USART.o
 .debug_info    0x000036e1      0x1c9 Variable.o

.debug_abbrev   0x00000000     0x1a3c
 *(.debug_abbrev)
 .debug_abbrev  0x00000000      0xb1a C:/Program Files (x86)/Atmel/Studio/7.0/Packs/atmel/ATmega_DFP/1.2.132/gcc/dev/atmega2560/avr6/crtatmega2560.o
 .debug_abbrev  0x00000b1a       0x60 ADC.o
 .debug_abbrev  0x00000b7a       0xbe defines.o
 .debug_abbrev  0x00000c38      0x22e functions.o
 .debug_abbrev  0x00000e66       0xd2 KALMAN.o
 .debug_abbrev  0x00000f38      0x28d main.o
 .debug_abbrev  0x000011c5      0x26a MPU6050.o
 .debug_abbrev  0x0000142f      0x11c PID.o
 .debug_abbrev  0x0000154b      0x179 TIMER.o
 .debug_abbrev  0x000016c4       0xff twimastertimeout.o
 .debug_abbrev  0x000017c3      0x23c USART.o
 .debug_abbrev  0x000019ff       0x3d Variable.o

.debug_line     0x00000000     0x19cc
 *(.debug_line .debug_line.* .debug_line_end)
 .debug_line    0x00000000      0x1f9 C:/Program Files (x86)/Atmel/Studio/7.0/Packs/atmel/ATmega_DFP/1.2.132/gcc/dev/atmega2560/avr6/crtatmega2560.o
 .debug_line    0x000001f9       0xb9 ADC.o
 .debug_line    0x000002b2       0xb3 defines.o
 .debug_line    0x00000365      0x3d0 functions.o
 .debug_line    0x00000735      0x1ae KALMAN.o
 .debug_line    0x000008e3      0x31c main.o
 .debug_line    0x00000bff      0x465 MPU6050.o
 .debug_line    0x00001064       0xeb PID.o
 .debug_line    0x0000114f      0x2b6 TIMER.o
 .debug_line    0x00001405      0x38c twimastertimeout.o
 .debug_line    0x00001791      0x20e USART.o
 .debug_line    0x0000199f       0x2d Variable.o

.debug_frame    0x00000000      0x8a8
 *(.debug_frame)
 .debug_frame   0x00000000       0x24 ADC.o
 .debug_frame   0x00000024      0x1a4 functions.o
 .debug_frame   0x000001c8      0x104 KALMAN.o
 .debug_frame   0x000002cc       0x34 main.o
 .debug_frame   0x00000300      0x214 MPU6050.o
 .debug_frame   0x00000514       0x84 PID.o
 .debug_frame   0x00000598      0x160 TIMER.o
 .debug_frame   0x000006f8       0xa0 twimastertimeout.o
 .debug_frame   0x00000798      0x110 USART.o

.debug_str      0x00000000      0xd81
 *(.debug_str)
 .debug_str     0x00000000      0x3e6 C:/Program Files (x86)/Atmel/Studio/7.0/Packs/atmel/ATmega_DFP/1.2.132/gcc/dev/atmega2560/avr6/crtatmega2560.o
 .debug_str     0x000003e6      0x147 ADC.o
                                0x17b (size before relaxing)
 .debug_str     0x0000052d       0x51 defines.o
                                0x1c2 (size before relaxing)
 .debug_str     0x0000057e      0x134 functions.o
                                0x2ef (size before relaxing)
 .debug_str     0x000006b2       0xb4 KALMAN.o
                                0x1c4 (size before relaxing)
 .debug_str     0x00000766      0x256 main.o
                                0x592 (size before relaxing)
 .debug_str     0x000009bc      0x17d MPU6050.o
                                0x3ef (size before relaxing)
 .debug_str     0x00000b39       0x3a PID.o
                                0x1f7 (size before relaxing)
 .debug_str     0x00000b73       0x8a TIMER.o
                                0x2e3 (size before relaxing)
 .debug_str     0x00000bfd       0x4c twimastertimeout.o
                                0x1e9 (size before relaxing)
 .debug_str     0x00000c49       0x8d USART.o
                                0x27d (size before relaxing)
 .debug_str     0x00000cd6       0xab Variable.o
                                0x216 (size before relaxing)

.debug_loc      0x00000000     0x2364
 *(.debug_loc)
 .debug_loc     0x00000000      0x53f functions.o
 .debug_loc     0x0000053f      0x502 KALMAN.o
 .debug_loc     0x00000a41      0x1db main.o
 .debug_loc     0x00000c1c      0xb44 MPU6050.o
 .debug_loc     0x00001760      0x264 PID.o
 .debug_loc     0x000019c4      0x24d TIMER.o
 .debug_loc     0x00001c11      0x31a twimastertimeout.o
 .debug_loc     0x00001f2b      0x439 USART.o

.debug_macinfo
 *(.debug_macinfo)

.debug_weaknames
 *(.debug_weaknames)

.debug_funcnames
 *(.debug_funcnames)

.debug_typenames
 *(.debug_typenames)

.debug_varnames
 *(.debug_varnames)

.debug_pubtypes
 *(.debug_pubtypes)

.debug_ranges   0x00000000      0x200
 *(.debug_ranges)
 .debug_ranges  0x00000000       0x10 ADC.o
 .debug_ranges  0x00000010       0x40 functions.o
 .debug_ranges  0x00000050       0x28 KALMAN.o
 .debug_ranges  0x00000078       0x10 main.o
 .debug_ranges  0x00000088       0x68 MPU6050.o
 .debug_ranges  0x000000f0       0x10 PID.o
 .debug_ranges  0x00000100       0x70 TIMER.o
 .debug_ranges  0x00000170       0x48 twimastertimeout.o
 .debug_ranges  0x000001b8       0x48 USART.o

.debug_macro
 *(.debug_macro)
OUTPUT(drv_.elf elf32-avr)
LOAD linker stubs
