Archive member included to satisfy reference by file (symbol)

c:/program files (x86)/atmel/studio/7.0/toolchain/avr8/avr8-gnu-toolchain/bin/../lib/gcc/avr/5.4.0/../../../../avr/lib/avr6\libm.a(addsf3.o)
                              KALMAN.o (__subsf3)
c:/program files (x86)/atmel/studio/7.0/toolchain/avr8/avr8-gnu-toolchain/bin/../lib/gcc/avr/5.4.0/../../../../avr/lib/avr6\libm.a(addsf3x.o)
                              c:/program files (x86)/atmel/studio/7.0/toolchain/avr8/avr8-gnu-toolchain/bin/../lib/gcc/avr/5.4.0/../../../../avr/lib/avr6\libm.a(addsf3.o) (__addsf3x)
c:/program files (x86)/atmel/studio/7.0/toolchain/avr8/avr8-gnu-toolchain/bin/../lib/gcc/avr/5.4.0/../../../../avr/lib/avr6\libm.a(atan2.o)
                              main.o (atan2)
c:/program files (x86)/atmel/studio/7.0/toolchain/avr8/avr8-gnu-toolchain/bin/../lib/gcc/avr/5.4.0/../../../../avr/lib/avr6\libm.a(atan.o)
                              c:/program files (x86)/atmel/studio/7.0/toolchain/avr8/avr8-gnu-toolchain/bin/../lib/gcc/avr/5.4.0/../../../../avr/lib/avr6\libm.a(atan2.o) (atan)
c:/program files (x86)/atmel/studio/7.0/toolchain/avr8/avr8-gnu-toolchain/bin/../lib/gcc/avr/5.4.0/../../../../avr/lib/avr6\libm.a(cmpsf2.o)
                              functions.o (__ltsf2)
c:/program files (x86)/atmel/studio/7.0/toolchain/avr8/avr8-gnu-toolchain/bin/../lib/gcc/avr/5.4.0/../../../../avr/lib/avr6\libm.a(divsf3.o)
                              functions.o (__divsf3)
c:/program files (x86)/atmel/studio/7.0/toolchain/avr8/avr8-gnu-toolchain/bin/../lib/gcc/avr/5.4.0/../../../../avr/lib/avr6\libm.a(divsf3x.o)
                              c:/program files (x86)/atmel/studio/7.0/toolchain/avr8/avr8-gnu-toolchain/bin/../lib/gcc/avr/5.4.0/../../../../avr/lib/avr6\libm.a(divsf3.o) (__divsf3x)
c:/program files (x86)/atmel/studio/7.0/toolchain/avr8/avr8-gnu-toolchain/bin/../lib/gcc/avr/5.4.0/../../../../avr/lib/avr6\libm.a(fixsfsi.o)
                              main.o (__fixsfsi)
c:/program files (x86)/atmel/studio/7.0/toolchain/avr8/avr8-gnu-toolchain/bin/../lib/gcc/avr/5.4.0/../../../../avr/lib/avr6\libm.a(fixunssfsi.o)
                              functions.o (__fixunssfsi)
c:/program files (x86)/atmel/studio/7.0/toolchain/avr8/avr8-gnu-toolchain/bin/../lib/gcc/avr/5.4.0/../../../../avr/lib/avr6\libm.a(floatsisf.o)
                              functions.o (__floatunsisf)
c:/program files (x86)/atmel/studio/7.0/toolchain/avr8/avr8-gnu-toolchain/bin/../lib/gcc/avr/5.4.0/../../../../avr/lib/avr6\libm.a(fp_cmp.o)
                              c:/program files (x86)/atmel/studio/7.0/toolchain/avr8/avr8-gnu-toolchain/bin/../lib/gcc/avr/5.4.0/../../../../avr/lib/avr6\libm.a(cmpsf2.o) (__fp_cmp)
c:/program files (x86)/atmel/studio/7.0/toolchain/avr8/avr8-gnu-toolchain/bin/../lib/gcc/avr/5.4.0/../../../../avr/lib/avr6\libm.a(fp_inf.o)
                              c:/program files (x86)/atmel/studio/7.0/toolchain/avr8/avr8-gnu-toolchain/bin/../lib/gcc/avr/5.4.0/../../../../avr/lib/avr6\libm.a(addsf3x.o) (__fp_inf)
c:/program files (x86)/atmel/studio/7.0/toolchain/avr8/avr8-gnu-toolchain/bin/../lib/gcc/avr/5.4.0/../../../../avr/lib/avr6\libm.a(fp_nan.o)
                              c:/program files (x86)/atmel/studio/7.0/toolchain/avr8/avr8-gnu-toolchain/bin/../lib/gcc/avr/5.4.0/../../../../avr/lib/avr6\libm.a(addsf3x.o) (__fp_nan)
c:/program files (x86)/atmel/studio/7.0/toolchain/avr8/avr8-gnu-toolchain/bin/../lib/gcc/avr/5.4.0/../../../../avr/lib/avr6\libm.a(fp_powser.o)
                              c:/program files (x86)/atmel/studio/7.0/toolchain/avr8/avr8-gnu-toolchain/bin/../lib/gcc/avr/5.4.0/../../../../avr/lib/avr6\libm.a(atan.o) (__fp_powser)
c:/program files (x86)/atmel/studio/7.0/toolchain/avr8/avr8-gnu-toolchain/bin/../lib/gcc/avr/5.4.0/../../../../avr/lib/avr6\libm.a(fp_pscA.o)
                              c:/program files (x86)/atmel/studio/7.0/toolchain/avr8/avr8-gnu-toolchain/bin/../lib/gcc/avr/5.4.0/../../../../avr/lib/avr6\libm.a(addsf3x.o) (__fp_pscA)
c:/program files (x86)/atmel/studio/7.0/toolchain/avr8/avr8-gnu-toolchain/bin/../lib/gcc/avr/5.4.0/../../../../avr/lib/avr6\libm.a(fp_pscB.o)
                              c:/program files (x86)/atmel/studio/7.0/toolchain/avr8/avr8-gnu-toolchain/bin/../lib/gcc/avr/5.4.0/../../../../avr/lib/avr6\libm.a(addsf3x.o) (__fp_pscB)
c:/program files (x86)/atmel/studio/7.0/toolchain/avr8/avr8-gnu-toolchain/bin/../lib/gcc/avr/5.4.0/../../../../avr/lib/avr6\libm.a(fp_round.o)
                              c:/program files (x86)/atmel/studio/7.0/toolchain/avr8/avr8-gnu-toolchain/bin/../lib/gcc/avr/5.4.0/../../../../avr/lib/avr6\libm.a(addsf3.o) (__fp_round)
c:/program files (x86)/atmel/studio/7.0/toolchain/avr8/avr8-gnu-toolchain/bin/../lib/gcc/avr/5.4.0/../../../../avr/lib/avr6\libm.a(fp_split3.o)
[...]
Memory Configuration

Name             Origin             Length             Attributes
text             0x00000000         0x00100000         xr
data             0x00800200         0x0000fe00         rw !x
eeprom           0x00810000         0x00010000         rw !x
fuse             0x00820000         0x00000003         rw !x
lock             0x00830000         0x00000400         rw !x
signature        0x00840000         0x00000400         rw !x
user_signatures  0x00850000         0x00000400         rw !x
*default*        0x00000000         0xffffffff

Linker script and memory map

Address of section .data set to 0x800200
LOAD C:/Program Files (x86)/Atmel/Studio/7.0/Packs/atmel/ATmega_DFP/1.2.132/gcc/dev/atmega2560/avr6/crtatmega2560.o
LOAD ADC.o
LOAD defines.o
LOAD functions.o
LOAD KALMAN.o
LOAD main.o
LOAD MPU6050.o
LOAD TIMER.o
LOAD twimastertimeout.o
LOAD USART.o
START GROUP
LOAD c:/program files (x86)/atmel/studio/7.0/toolchain/avr8/avr8-gnu-toolchain/bin/../lib/gcc/avr/5.4.0/../../../../avr/lib/avr6\libm.a
LOAD c:/program files (x86)/atmel/studio/7.0/toolchain/avr8/avr8-gnu-toolchain/bin/../lib/gcc/avr/5.4.0/../../../../avr/lib/avr6\libprintf_flt.a
END GROUP
START GROUP
LOAD c:/program files (x86)/atmel/studio/7.0/toolchain/avr8/avr8-gnu-toolchain/bin/../lib/gcc/avr/5.4.0/avr6\libgcc.a
LOAD c:/program files (x86)/atmel/studio/7.0/toolchain/avr8/avr8-gnu-toolchain/bin/../lib/gcc/avr/5.4.0/../../../../avr/lib/avr6\libm.a
LOAD c:/program files (x86)/atmel/studio/7.0/toolchain/avr8/avr8-gnu-toolchain/bin/../lib/gcc/avr/5.4.0/../../../../avr/lib/avr6\libc.a
LOAD C:/Program Files (x86)/Atmel/Studio/7.0/Packs/atmel/ATmega_DFP/1.2.132/gcc/dev/atmega2560/avr6\libatmega2560.a
END GROUP
                0x00100000                __TEXT_REGION_LENGTH__ = DEFINED (__TEXT_REGION_LENGTH__)?__TEXT_REGION_LENGTH__:0x100000
                0x0000fe00                __DATA_REGION_LENGTH__ = DEFINED (__DATA_REGION_LENGTH__)?__DATA_REGION_LENGTH__:0xfe00
                0x00010000                __EEPROM_REGION_LENGTH__ = DEFINED (__EEPROM_REGION_LENGTH__)?__EEPROM_REGION_LENGTH__:0x10000
                [0x00000003]                __FUSE_REGION_LENGTH__ = DEFINED (__FUSE_REGION_LENGTH__)?__FUSE_REGION_LENGTH__:0x400
                0x00000400                __LOCK_REGION_LENGTH__ = DEFINED (__LOCK_REGION_LENGTH__)?__LOCK_REGION_LENGTH__:0x400
                0x00000400                __SIGNATURE_REGION_LENGTH__ = DEFINED (__SIGNATURE_REGION_LENGTH__)?__SIGNATURE_REGION_LENGTH__:0x400
                0x00000400                __USER_SIGNATURE_REGION_LENGTH__ = DEFINED (__USER_SIGNATURE_REGION_LENGTH__)?__USER_SIGNATURE_REGION_LENGTH__:0x400

.hash
 *(.hash)

.dynsym
 *(.dynsym)

.dynstr
 *(.dynstr)

.gnu.version
 *(.gnu.version)

.gnu.version_d
 *(.gnu.version_d)

.gnu.version_r
 *(.gnu.version_r)

.rel.init
 *(.rel.init)

.rela.init
 *(.rela.init)

.rel.text
 *(.rel.text)
 *(.rel.text.*)
 *(.rel.gnu.linkonce.t*)

.rela.text
 *(.rela.text)
 *(.rela.text.*)
 *(.rela.gnu.linkonce.t*)

.rel.fini
 *(.rel.fini)

.rela.fini
 *(.rela.fini)

.rel.rodata
 *(.rel.rodata)
 *(.rel.rodata.*)
 *(.rel.gnu.linkonce.r*)

.rela.rodata
 *(.rela.rodata)
 *(.rela.rodata.*)
 *(.rela.gnu.linkonce.r*)

.rel.data
 *(.rel.data)
 *(.rel.data.*)
 *(.rel.gnu.linkonce.d*)

.rela.data
 *(.rela.data)
 *(.rela.data.*)
 *(.rela.gnu.linkonce.d*)

.rel.ctors
 *(.rel.ctors)

.rela.ctors
 *(.rela.ctors)

.rel.dtors
 *(.rel.dtors)

.rela.dtors
 *(.rela.dtors)

.rel.got
 *(.rel.got)

.rela.got
 *(.rela.got)

.rel.bss
 *(.rel.bss)

.rela.bss
 *(.rela.bss)

.rel.plt
 *(.rel.plt)

.rela.plt
 *(.rela.plt)

.text           0x00000000     0x294c
 *(.vectors)
 .vectors       0x00000000       0xe4 C:/Program Files (x86)/Atmel/Studio/7.0/Packs/atmel/ATmega_DFP/1.2.132/gcc/dev/atmega2560/avr6/crtatmega2560.o
                0x00000000                __vector_default
                0x00000000                __vectors
 *(.vectors)
 *(.progmem.gcc*)
 .progmem.gcc_fplib
                0x000000e4       0x2d c:/program files (x86)/atmel/studio/7.0/toolchain/avr8/avr8-gnu-toolchain/bin/../lib/gcc/avr/5.4.0/../../../../avr/lib/avr6\libm.a(atan.o)
                0x00000112                . = ALIGN (0x2)
 *fill*         0x00000111        0x1 
                0x00000112                __trampolines_start = .
 *(.trampolines)
 .trampolines   0x00000112        0x0 linker stubs
 *(.trampolines*)
                0x00000112                __trampolines_end = .
 *libprintf_flt.a:*(.progmem.data)
 .progmem.data  0x00000112        0x8 c:/program files (x86)/atmel/studio/7.0/toolchain/avr8/avr8-gnu-toolchain/bin/../lib/gcc/avr/5.4.0/../../../../avr/lib/avr6\libprintf_flt.a(vfprintf_flt.o)
 *libc.a:*(.progmem.data)
 .progmem.data  0x0000011a       0xfa c:/program files (x86)/atmel/studio/7.0/toolchain/avr8/avr8-gnu-toolchain/bin/../lib/gcc/avr/5.4.0/../../../../avr/lib/avr6\libc.a(ftoa_engine.o)
 *(.progmem*)
                0x00000214                . = ALIGN (0x2)
 *(.jumptables)
 *(.jumptables*)
 *(.lowtext)
 *(.lowtext*)
                0x00000214                __ctors_start = .
 *(.ctors)
                0x00000214                __ctors_end = .
                0x00000214                __dtors_start = .
 *(.dtors)
                0x00000214                __dtors_end = .
 SORT(*)(.ctors)
 SORT(*)(.dtors)
 *(.init0)
 .init0         0x00000214        0x0 C:/Program Files (x86)/Atmel/Studio/7.0/Packs/atmel/ATmega_DFP/1.2.132/gcc/dev/atmega2560/avr6/crtatmega2560.o
                0x00000214                __init
 *(.init0)
 *(.init1)
 *(.init1)
 *(.init2)
 .init2         0x00000214       0x10 C:/Program Files (x86)/Atmel/Studio/7.0/Packs/atmel/ATmega_DFP/1.2.132/gcc/dev/atmega2560/avr6/crtatmega2560.o
 *(.init2)
 *(.init3)
 *(.init3)
 *(.init4)
 .init4         0x00000224       0x1a c:/program files (x86)/atmel/studio/7.0/toolchain/avr8/avr8-gnu-toolchain/bin/../lib/gcc/avr/5.4.0/avr6\libgcc.a(_copy_data.o)
                0x00000224                __do_copy_data
 .init4         0x0000023e       0x10 c:/program files (x86)/atmel/studio/7.0/toolchain/avr8/avr8-gnu-toolchain/bin/../lib/gcc/avr/5.4.0/avr6\libgcc.a(_clear_bss.o)
                0x0000023e                __do_clear_bss
 *(.init4)
 *(.init5)
 *(.init5)
 *(.init6)
 *(.init6)
 *(.init7)
 *(.init7)
 *(.init8)
 *(.init8)
 *(.init9)
 .init9         0x0000024e        0x6 C:/Program Files (x86)/Atmel/Studio/7.0/Packs/atmel/ATmega_DFP/1.2.132/gcc/dev/atmega2560/avr6/crtatmega2560.o
 *(.init9)
 *(.text)
 .text          0x00000254        0x2 C:/Program Files (x86)/Atmel/Studio/7.0/Packs/atmel/ATmega_DFP/1.2.132/gcc/dev/atmega2560/avr6/crtatmega2560.o
                0x00000254                __vector_38
                0x00000254                __vector_22
                0x00000254                __vector_28
                0x00000254                __vector_1
                0x00000254                __vector_32
                0x00000254                __vector_34
                0x00000254                __vector_24
                0x00000254                __vector_12
                0x00000254                __vector_55
                0x00000254                __vector_46
                0x00000254                __bad_interrupt
                0x00000254                __vector_6
                0x00000254                __vector_31
                0x00000254                __vector_35
                0x00000254                __vector_39
                0x00000254                __vector_3
                0x00000254                __vector_30
                0x00000254                __vector_45
                0x00000254                __vector_25
                0x00000254                __vector_11
                0x00000254                __vector_54
                0x00000254                __vector_13
                0x00000254                __vector_17
                0x00000254                __vector_19
                0x00000254                __vector_56
                0x00000254                __vector_7
                0x00000254                __vector_49
                0x00000254                __vector_41
                0x00000254                __vector_43
                0x00000254                __vector_27
                0x00000254                __vector_5
                0x00000254                __vector_33
                0x00000254                __vector_52
                0x00000254                __vector_37
                0x00000254                __vector_4
                0x00000254                __vector_44
                0x00000254                __vector_51
                0x00000254                __vector_9
                0x00000254                __vector_2
                0x00000254                __vector_21
                0x00000254                __vector_15
                0x00000254                __vector_36
                0x00000254                __vector_29
                0x00000254                __vector_40
                0x00000254                __vector_8
                0x00000254                __vector_26
                0x00000254                __vector_48
                0x00000254                __vector_14
                0x00000254                __vector_53
                0x00000254                __vector_10
                0x00000254                __vector_50
                0x00000254                __vector_16
                0x00000254                __vector_18
                0x00000254                __vector_20
                0x00000254                __vector_42
                0x00000256                . = ALIGN (0x2)
 *(.text.*)
 .text.init_gpio
                0x00000256       0x18 functions.o
                0x00000256                init_gpio
 .text.PWM_update
                0x0000026e      0x104 functions.o
                0x0000026e                PWM_update
 .text.init_motor_gpio
                0x00000372       0x16 functions.o
                0x00000372                init_motor_gpio
 .text.getAngle
                0x00000388      0x340 KALMAN.o
                0x00000388                getAngle
 .text.Kalman_init
                0x000006c8       0x8e KALMAN.o
                0x000006c8                Kalman_init
 .text.getAngle_1
                0x00000756      0x322 KALMAN.o
                0x00000756                getAngle_1
 .text.Kalman_init_1
                0x00000a78       0x8e KALMAN.o
                0x00000a78                Kalman_init_1
 .text.main     0x00000b06      0x4ce main.o
                0x00000b06                main
 .text.mpu6050_writeByte
                0x00000fd4       0x1c MPU6050.o
                0x00000fd4                mpu6050_writeByte
 .text.mpu6050_readBytes
                0x00000ff0       0x90 MPU6050.o
                0x00000ff0                mpu6050_readBytes
 .text.mpu6050_getRawData
                0x00001080       0xd6 MPU6050.o
                0x00001080                mpu6050_getRawData
 .text.setup_timer4
                0x00001156       0x28 TIMER.o
                0x00001156                setup_timer4
 .text.setup_timer5
                0x0000117e       0x12 TIMER.o
                0x0000117e                setup_timer5
 .text.Enable_timer5_compare_interrupt
                0x00001190        0xc TIMER.o
                0x00001190                Enable_timer5_compare_interrupt
 .text.setup_timer0
                0x0000119c        0xe TIMER.o
                0x0000119c                setup_timer0
 .text.Enable_timer0_overflow_interrupt
                0x000011aa        0xc TIMER.o
                0x000011aa                Enable_timer0_overflow_interrupt
 .text.micros   0x000011b6       0x4c TIMER.o
                0x000011b6                micros
 .text.__vector_23
                0x00001202       0x94 TIMER.o
                0x00001202                __vector_23
 .text.__vector_47
                0x00001296       0x50 TIMER.o
                0x00001296                __vector_47
 .text.i2c_init
                0x000012e6        0xc twimastertimeout.o
                0x000012e6                i2c_init
 .text.i2c_start
                0x000012f2       0x8c twimastertimeout.o
                0x000012f2                i2c_start
 .text.i2c_stop
                0x0000137e       0x20 twimastertimeout.o
                0x0000137e                i2c_stop
 .text.i2c_write
                0x0000139e       0x42 twimastertimeout.o
                0x0000139e                i2c_write
 .text.i2c_readAck
                0x000013e0       0x34 twimastertimeout.o
                0x000013e0                i2c_readAck
 .text.i2c_readNak
                0x00001414       0x34 twimastertimeout.o
                0x00001414                i2c_readNak
 .text.USART_Init
                0x00001448       0x16 USART.o
                0x00001448                USART_Init
 .text.uart_putchar
                0x0000145e       0x22 USART.o
                0x0000145e                uart_putchar
 .text.printDouble
                0x00001480       0x72 USART.o
                0x00001480                printDouble
 .text.printSD  0x000014f2       0x44 USART.o
                0x000014f2                printSD
 .text.avr-libc.fplib
                0x00001536        0xa c:/program files (x86)/atmel/studio/7.0/toolchain/avr8/avr8-gnu-toolchain/bin/../lib/gcc/avr/5.4.0/../../../../avr/lib/avr6\libm.a(addsf3.o)
                0x00001536                __subsf3
                0x00001538                __addsf3
 .text.avr-libc.fplib
                0x00001540       0xc0 c:/program files (x86)/atmel/studio/7.0/toolchain/avr8/avr8-gnu-toolchain/bin/../lib/gcc/avr/5.4.0/../../../../avr/lib/avr6\libm.a(addsf3x.o)
                0x0000155a                __addsf3x
 .text.avr-libc.fplib
                0x00001600       0x74 c:/program files (x86)/atmel/studio/7.0/toolchain/avr8/avr8-gnu-toolchain/bin/../lib/gcc/avr/5.4.0/../../../../avr/lib/avr6\libm.a(atan2.o)
                0x0000161e                atan2
 .text.avr-libc.fplib
                0x00001674       0x50 c:/program files (x86)/atmel/studio/7.0/toolchain/avr8/avr8-gnu-toolchain/bin/../lib/gcc/avr/5.4.0/../../../../avr/lib/avr6\libm.a(atan.o)
                0x00001674                atan
 .text.avr-libc.fplib
                0x000016c4        0x8 c:/program files (x86)/atmel/studio/7.0/toolchain/avr8/avr8-gnu-toolchain/bin/../lib/gcc/avr/5.4.0/../../../../avr/lib/avr6\libm.a(cmpsf2.o)
                0x000016c4                __nesf2
                0x000016c4                __eqsf2
                0x000016c4                __cmpsf2
                0x000016c4                __ltsf2
                0x000016c4                __lesf2
 .text.avr-libc.fplib
                0x000016cc        0x4 c:/program files (x86)/atmel/studio/7.0/toolchain/avr8/avr8-gnu-toolchain/bin/../lib/gcc/avr/5.4.0/../../../../avr/lib/avr6\libm.a(divsf3.o)
                0x000016cc                __divsf3
 .text.avr-libc.fplib
                0x000016d0       0xcc c:/program files (x86)/atmel/studio/7.0/toolchain/avr8/avr8-gnu-toolchain/bin/../lib/gcc/avr/5.4.0/../../../../avr/lib/avr6\libm.a(divsf3x.o)
                0x000016e6                __divsf3x
                0x000016ea                __divsf3_pse
 .text.avr-libc.fplib
                0x0000179c        0xa c:/program files (x86)/atmel/studio/7.0/toolchain/avr8/avr8-gnu-toolchain/bin/../lib/gcc/avr/5.4.0/../../../../avr/lib/avr6\libm.a(fixsfsi.o)
                0x0000179c                __fixsfsi
 .text.avr-libc.fplib
                0x000017a6       0x58 c:/program files (x86)/atmel/studio/7.0/toolchain/avr8/avr8-gnu-toolchain/bin/../lib/gcc/avr/5.4.0/../../../../avr/lib/avr6\libm.a(fixunssfsi.o)
                0x000017a6                __fixunssfsi
 .text.avr-libc.fplib
                0x000017fe       0x7a c:/program files (x86)/atmel/studio/7.0/toolchain/avr8/avr8-gnu-toolchain/bin/../lib/gcc/avr/5.4.0/../../../../avr/lib/avr6\libm.a(floatsisf.o)
                0x000017fe                __floatunsisf
                0x00001802                __floatsisf
 .text.avr-libc.fplib
                0x00001878       0x48 c:/program files (x86)/atmel/studio/7.0/toolchain/avr8/avr8-gnu-toolchain/bin/../lib/gcc/avr/5.4.0/../../../../avr/lib/avr6\libm.a(fp_cmp.o)
                0x00001878                __fp_cmp
 .text.avr-libc.fplib
                0x000018c0        0xc c:/program files (x86)/atmel/studio/7.0/toolchain/avr8/avr8-gnu-toolchain/bin/../lib/gcc/avr/5.4.0/../../../../avr/lib/avr6\libm.a(fp_inf.o)
                0x000018c0                __fp_inf
 .text.avr-libc.fplib
                0x000018cc        0x6 c:/program files (x86)/atmel/studio/7.0/toolchain/avr8/avr8-gnu-toolchain/bin/../lib/gcc/avr/5.4.0/../../../../avr/lib/avr6\libm.a(fp_nan.o)
                0x000018cc                __fp_nan
 .text.avr-libc.fplib
                0x000018d2       0x4a c:/program files (x86)/atmel/studio/7.0/toolchain/avr8/avr8-gnu-toolchain/bin/../lib/gcc/avr/5.4.0/../../../../avr/lib/avr6\libm.a(fp_powser.o)
                0x000018d2                __fp_powser
 .text.avr-libc.fplib
                0x0000191c        0xe c:/program files (x86)/atmel/studio/7.0/toolchain/avr8/avr8-gnu-toolchain/bin/../lib/gcc/avr/5.4.0/../../../../avr/lib/avr6\libm.a(fp_pscA.o)
                0x0000191c                __fp_pscA
 .text.avr-libc.fplib
                0x0000192a        0xe c:/program files (x86)/atmel/studio/7.0/toolchain/avr8/avr8-gnu-toolchain/bin/../lib/gcc/avr/5.4.0/../../../../avr/lib/avr6\libm.a(fp_pscB.o)
                0x0000192a                __fp_pscB
 .text.avr-libc.fplib
                0x00001938       0x22 c:/program files (x86)/atmel/studio/7.0/toolchain/avr8/avr8-gnu-toolchain/bin/../lib/gcc/avr/5.4.0/../../../../avr/lib/avr6\libm.a(fp_round.o)
                0x00001938                __fp_round
 .text.avr-libc.fplib
                0x0000195a       0x44 c:/program files (x86)/atmel/studio/7.0/toolchain/avr8/avr8-gnu-toolchain/bin/../lib/gcc/avr/5.4.0/../../../../avr/lib/avr6\libm.a(fp_split3.o)
                0x0000195a                __fp_split3
                0x0000196a                __fp_splitA
 .text.avr-libc.fplib
                0x0000199e        0xe c:/program files (x86)/atmel/studio/7.0/toolchain/avr8/avr8-gnu-toolchain/bin/../lib/gcc/avr/5.4.0/../../../../avr/lib/avr6\libm.a(fp_zero.o)
                0x0000199e                __fp_zero
                0x000019a0                __fp_szero
 .text.avr-libc.fplib
                0x000019ac        0xe c:/program files (x86)/atmel/studio/7.0/toolchain/avr8/avr8-gnu-toolchain/bin/../lib/gcc/avr/5.4.0/../../../../avr/lib/avr6\libm.a(inverse.o)
                0x000019ac                inverse
 .text.avr-libc.fplib
                0x000019ba        0x4 c:/program files (x86)/atmel/studio/7.0/toolchain/avr8/avr8-gnu-toolchain/bin/../lib/gcc/avr/5.4.0/../../../../avr/lib/avr6\libm.a(mulsf3.o)
                0x000019ba                __mulsf3
 .text.avr-libc.fplib
                0x000019be       0xc2 c:/program files (x86)/atmel/studio/7.0/toolchain/avr8/avr8-gnu-toolchain/bin/../lib/gcc/avr/5.4.0/../../../../avr/lib/avr6\libm.a(mulsf3x.o)
                0x000019d2                __mulsf3x
                0x000019d6                __mulsf3_pse
 .text.avr-libc.fplib
                0x00001a80       0x84 c:/program files (x86)/atmel/studio/7.0/toolchain/avr8/avr8-gnu-toolchain/bin/../lib/gcc/avr/5.4.0/../../../../avr/lib/avr6\libm.a(sqrt.o)
                0x00001a88                sqrtf
                0x00001a88                sqrt
 .text.avr-libc.fplib
                0x00001b04        0x6 c:/program files (x86)/atmel/studio/7.0/toolchain/avr8/avr8-gnu-toolchain/bin/../lib/gcc/avr/5.4.0/../../../../avr/lib/avr6\libm.a(square.o)
                0x00001b04                square
 .text.avr-libc.fplib
                0x00001b0a       0x1c c:/program files (x86)/atmel/studio/7.0/toolchain/avr8/avr8-gnu-toolchain/bin/../lib/gcc/avr/5.4.0/../../../../avr/lib/avr6\libm.a(fp_mpack.o)
                0x00001b0a                __fp_mpack
                0x00001b0e                __fp_mpack_finite
 .text.avr-libc.fplib
                0x00001b26        0xe c:/program files (x86)/atmel/studio/7.0/toolchain/avr8/avr8-gnu-toolchain/bin/../lib/gcc/avr/5.4.0/../../../../avr/lib/avr6\libm.a(fp_norm2.o)
                0x00001b26                __fp_norm2
 .text.avr-libc
                0x00001b34      0x712 c:/program files (x86)/atmel/studio/7.0/toolchain/avr8/avr8-gnu-toolchain/bin/../lib/gcc/avr/5.4.0/../../../../avr/lib/avr6\libprintf_flt.a(vfprintf_flt.o)
                0x00001b34                vfprintf
 .text.libgcc.div
                0x00002246       0x26 c:/program files (x86)/atmel/studio/7.0/toolchain/avr8/avr8-gnu-toolchain/bin/../lib/gcc/avr/5.4.0/avr6\libgcc.a(_divmodhi4.o)
                0x00002246                _div
                0x00002246                __divmodhi4
 .text.libgcc.div
                0x0000226c       0x28 c:/program files (x86)/atmel/studio/7.0/toolchain/avr8/avr8-gnu-toolchain/bin/../lib/gcc/avr/5.4.0/avr6\libgcc.a(_udivmodhi4.o)
                0x0000226c                __udivmodhi4
 .text.avr-libc
                0x00002294      0x1b0 c:/program files (x86)/atmel/studio/7.0/toolchain/avr8/avr8-gnu-toolchain/bin/../lib/gcc/avr/5.4.0/../../../../avr/lib/avr6\libc.a(ftoa_engine.o)
                0x00002294                __ftoa_engine
 .text.avr-libc
                0x00002444       0x16 c:/program files (x86)/atmel/studio/7.0/toolchain/avr8/avr8-gnu-toolchain/bin/../lib/gcc/avr/5.4.0/../../../../avr/lib/avr6\libc.a(strnlen_P.o)
                0x00002444                strnlen_P
 .text.avr-libc
                0x0000245a       0x16 c:/program files (x86)/atmel/studio/7.0/toolchain/avr8/avr8-gnu-toolchain/bin/../lib/gcc/avr/5.4.0/../../../../avr/lib/avr6\libc.a(strnlen.o)
                0x0000245a                strnlen
 .text.avr-libc
                0x00002470       0x94 c:/program files (x86)/atmel/studio/7.0/toolchain/avr8/avr8-gnu-toolchain/bin/../lib/gcc/avr/5.4.0/../../../../avr/lib/avr6\libc.a(fdevopen.o)
                0x00002470                fdevopen
 .text.avr-libc
                0x00002504       0x78 c:/program files (x86)/atmel/studio/7.0/toolchain/avr8/avr8-gnu-toolchain/bin/../lib/gcc/avr/5.4.0/../../../../avr/lib/avr6\libc.a(fputc.o)
                0x00002504                fputc
 .text.avr-libc
                0x0000257c       0x26 c:/program files (x86)/atmel/studio/7.0/toolchain/avr8/avr8-gnu-toolchain/bin/../lib/gcc/avr/5.4.0/../../../../avr/lib/avr6\libc.a(printf.o)
                0x0000257c                printf
 .text.avr-libc
                0x000025a2        0xa c:/program files (x86)/atmel/studio/7.0/toolchain/avr8/avr8-gnu-toolchain/bin/../lib/gcc/avr/5.4.0/../../../../avr/lib/avr6\libc.a(putchar.o)
                0x000025a2                putchar
 .text.avr-libc
                0x000025ac       0x5c c:/program files (x86)/atmel/studio/7.0/toolchain/avr8/avr8-gnu-toolchain/bin/../lib/gcc/avr/5.4.0/../../../../avr/lib/avr6\libc.a(sprintf.o)
                0x000025ac                sprintf
 .text.avr-libc
                0x00002608       0xbc c:/program files (x86)/atmel/studio/7.0/toolchain/avr8/avr8-gnu-toolchain/bin/../lib/gcc/avr/5.4.0/../../../../avr/lib/avr6\libc.a(ultoa_invert.o)
                0x00002608                __ultoa_invert
 .text.avr-libc
                0x000026c4       0x34 c:/program files (x86)/atmel/studio/7.0/toolchain/avr8/avr8-gnu-toolchain/bin/../lib/gcc/avr/5.4.0/../../../../avr/lib/avr6\libc.a(calloc.o)
                0x000026c4                calloc
 .text.avr-libc
                0x000026f8      0x242 c:/program files (x86)/atmel/studio/7.0/toolchain/avr8/avr8-gnu-toolchain/bin/../lib/gcc/avr/5.4.0/../../../../avr/lib/avr6\libc.a(malloc.o)
                0x000026f8                malloc
                0x00002828                free
 .text.avr-libc
                0x0000293a        0xe c:/program files (x86)/atmel/studio/7.0/toolchain/avr8/avr8-gnu-toolchain/bin/../lib/gcc/avr/5.4.0/../../../../avr/lib/avr6\libc.a(memset.o)
                0x0000293a                memset
                0x00002948                . = ALIGN (0x2)
 *(.fini9)
 .fini9         0x00002948        0x0 c:/program files (x86)/atmel/studio/7.0/toolchain/avr8/avr8-gnu-toolchain/bin/../lib/gcc/avr/5.4.0/avr6\libgcc.a(_exit.o)
                0x00002948                _exit
                0x00002948                exit
 *(.fini9)
 *(.fini8)
 *(.fini8)
 *(.fini7)
 *(.fini7)
 *(.fini6)
 *(.fini6)
 *(.fini5)
 *(.fini5)
 *(.fini4)
 *(.fini4)
 *(.fini3)
 *(.fini3)
 *(.fini2)
 *(.fini2)
 *(.fini1)
 *(.fini1)
 *(.fini0)
 .fini0         0x00002948        0x4 c:/program files (x86)/atmel/studio/7.0/toolchain/avr8/avr8-gnu-toolchain/bin/../lib/gcc/avr/5.4.0/avr6\libgcc.a(_exit.o)
 *(.fini0)
                0x0000294c                _etext = .

.data           0x00800200      0x1ac load address 0x0000294c
                0x00800200                PROVIDE (__data_start, .)
 *(.data)
 .data          0x00800200        0x6 c:/program files (x86)/atmel/studio/7.0/toolchain/avr8/avr8-gnu-toolchain/bin/../lib/gcc/avr/5.4.0/../../../../avr/lib/avr6\libc.a(malloc.o)
                0x00800200                __malloc_heap_end
                0x00800202                __malloc_heap_start
                0x00800204                __malloc_margin
 *(.data*)
 .data.pwmSin   0x00800206      0x169 functions.o
                0x00800206                pwmSin
 .data.W_step   0x0080036f        0x2 functions.o
                0x0080036f                W_step
 .data.V_step   0x00800371        0x2 functions.o
                0x00800371                V_step
 .data.loop_bool
                0x00800373        0x2 main.o
                0x00800373                loop_bool
 *(.rodata)
 *(.rodata*)
 .rodata.str1.1
                0x00800375       0x31 main.o
 .rodata.str1.1
                0x008003a6        0x6 USART.o
 *(.gnu.linkonce.d*)
                0x008003ac                . = ALIGN (0x2)
                0x008003ac                _edata = .
                0x008003ac                PROVIDE (__data_end, .)

.bss            0x008003ac       0x7b
                0x008003ac                PROVIDE (__bss_start, .)
 *(.bss)
 *(.bss*)
 .bss.U_step    0x008003ac        0x2 functions.o
                0x008003ac                U_step
 .bss.timer0_fract
                0x008003ae        0x1 TIMER.o
 .bss.timer0_millis
                0x008003af        0x4 TIMER.o
                0x008003af                timer0_millis
 .bss.timer0_overflow_count
                0x008003b3        0x4 TIMER.o
                0x008003b3                timer0_overflow_count
 *(COMMON)
 COMMON         0x008003b7        0x2 ADC.o
                0x008003b7                pwm_delay
 COMMON         0x008003b9        0x4 defines.o
                0x008003b9                direction
                0x008003bb                incr
 COMMON         0x008003bd       0x50 KALMAN.o
                0x008003bd                Q_bias
                0x008003c1                rate
                0x008003c5                Q_angle
                0x008003c9                bias
                0x008003cd                angle_1
                0x008003d1                P_1
                0x008003e1                rate_1
                0x008003e5                R_measure
                0x008003e9                bias_1
                0x008003ed                angle
                0x008003f1                R_measure_1
                0x008003f5                Q_bias_1
                0x008003f9                P
                0x00800409                Q_angle_1
 COMMON         0x0080040d       0x10 main.o
                0x0080040d                uart_str
                0x0080040f                buffer
 COMMON         0x0080041d        0x6 c:/program files (x86)/atmel/studio/7.0/toolchain/avr8/avr8-gnu-toolchain/bin/../lib/gcc/avr/5.4.0/../../../../avr/lib/avr6\libc.a(iob.o)
                0x0080041d                __iob
 COMMON         0x00800423        0x4 c:/program files (x86)/atmel/studio/7.0/toolchain/avr8/avr8-gnu-toolchain/bin/../lib/gcc/avr/5.4.0/../../../../avr/lib/avr6\libc.a(malloc.o)
                0x00800423                __brkval
                0x00800425                __flp
                0x00800427                PROVIDE (__bss_end, .)
                0x0000294c                __data_load_start = LOADADDR (.data)
                0x00002af8                __data_load_end = (__data_load_start + SIZEOF (.data))

.noinit         0x00800427        0x0
                [!provide]                PROVIDE (__noinit_start, .)
 *(.noinit*)
                [!provide]                PROVIDE (__noinit_end, .)
                0x00800427                _end = .
                0x00800427                PROVIDE (__heap_start, .)

.eeprom         0x00810000        0x0
 *(.eeprom*)
                0x00810000                __eeprom_end = .

.fuse
 *(.fuse)
 *(.lfuse)
 *(.hfuse)
 *(.efuse)

.lock
 *(.lock*)

.signature
 *(.signature*)

.user_signatures
 *(.user_signatures*)

.stab
 *(.stab)

.stabstr
 *(.stabstr)

.stab.excl
 *(.stab.excl)

.stab.exclstr
 *(.stab.exclstr)

.stab.index
 *(.stab.index)

.stab.indexstr
 *(.stab.indexstr)

.comment        0x00000000       0x5c
 *(.comment)
 .comment       0x00000000       0x30 ADC.o
                                 0x31 (size before relaxing)
 .comment       0x00000030       0x31 defines.o
 .comment       0x00000030       0x31 functions.o
 .comment       0x00000030       0x31 KALMAN.o
 .comment       0x00000030       0x31 main.o
 .comment       0x00000030       0x31 MPU6050.o
 .comment       0x00000030       0x31 TIMER.o
 .comment       0x00000030       0x31 twimastertimeout.o
 .comment       0x00000030       0x31 USART.o
 .comment       0x00000030       0x2c c:/program files (x86)/atmel/studio/7.0/toolchain/avr8/avr8-gnu-toolchain/bin/../lib/gcc/avr/5.4.0/../../../../avr/lib/avr6\libprintf_flt.a(vfprintf_flt.o)
                                 0x2d (size before relaxing)
 .comment       0x0000005c       0x31 c:/program files (x86)/atmel/studio/7.0/toolchain/avr8/avr8-gnu-toolchain/bin/../lib/gcc/avr/5.4.0/../../../../avr/lib/avr6\libc.a(fdevopen.o)
 .comment       0x0000005c       0x31 c:/program files (x86)/atmel/studio/7.0/toolchain/avr8/avr8-gnu-toolchain/bin/../lib/gcc/avr/5.4.0/../../../../avr/lib/avr6\libc.a(fputc.o)
 .comment       0x0000005c       0x31 c:/program files (x86)/atmel/studio/7.0/toolchain/avr8/avr8-gnu-toolchain/bin/../lib/gcc/avr/5.4.0/../../../../avr/lib/avr6\libc.a(iob.o)
 .comment       0x0000005c       0x31 c:/program files (x86)/atmel/studio/7.0/toolchain/avr8/avr8-gnu-toolchain/bin/../lib/gcc/avr/5.4.0/../../../../avr/lib/avr6\libc.a(printf.o)
 .comment       0x0000005c       0x31 c:/program files (x86)/atmel/studio/7.0/toolchain/avr8/avr8-gnu-toolchain/bin/../lib/gcc/avr/5.4.0/../../../../avr/lib/avr6\libc.a(putchar.o)
 .comment       0x0000005c       0x31 c:/program files (x86)/atmel/studio/7.0/toolchain/avr8/avr8-gnu-toolchain/bin/../lib/gcc/avr/5.4.0/../../../../avr/lib/avr6\libc.a(sprintf.o)
 .comment       0x0000005c       0x31 c:/program files (x86)/atmel/studio/7.0/toolchain/avr8/avr8-gnu-toolchain/bin/../lib/gcc/avr/5.4.0/../../../../avr/lib/avr6\libc.a(calloc.o)
 .comment       0x0000005c       0x31 c:/program files (x86)/atmel/studio/7.0/toolchain/avr8/avr8-gnu-toolchain/bin/../lib/gcc/avr/5.4.0/../../../../avr/lib/avr6\libc.a(malloc.o)

.note.gnu.avr.deviceinfo
                0x00000000       0x40
 .note.gnu.avr.deviceinfo
                0x00000000       0x40 C:/Program Files (x86)/Atmel/Studio/7.0/Packs/atmel/ATmega_DFP/1.2.132/gcc/dev/atmega2560/avr6/crtatmega2560.o

.note.gnu.build-id
 *(.note.gnu.build-id)

.debug
 *(.debug)

.line
 *(.line)

.debug_srcinfo
 *(.debug_srcinfo)

.debug_sfnames
 *(.debug_sfnames)

.debug_aranges  0x00000000      0x270
 *(.debug_aranges)
 .debug_aranges
                0x00000000       0x20 ADC.o
 .debug_aranges
                0x00000020       0x18 defines.o
 .debug_aranges
                0x00000038       0x48 functions.o
 .debug_aranges
                0x00000080       0x38 KALMAN.o
 .debug_aranges
                0x000000b8       0x28 main.o
 .debug_aranges
                0x000000e0       0x78 MPU6050.o
 .debug_aranges
                0x00000158       0x68 TIMER.o
 .debug_aranges
                0x000001c0       0x58 twimastertimeout.o
 .debug_aranges
                0x00000218       0x58 USART.o

.debug_pubnames
 *(.debug_pubnames)

.debug_info     0x00000000     0x32af
 *(.debug_info .gnu.linkonce.wi.*)
 .debug_info    0x00000000      0xbbc C:/Program Files (x86)/Atmel/Studio/7.0/Packs/atmel/ATmega_DFP/1.2.132/gcc/dev/atmega2560/avr6/crtatmega2560.o
 .debug_info    0x00000bbc       0x94 ADC.o
 .debug_info    0x00000c50       0x9e defines.o
 .debug_info    0x00000cee      0x2f4 functions.o
 .debug_info    0x00000fe2      0x2a6 KALMAN.o
 .debug_info    0x00001288      0xc9a main.o
 .debug_info    0x00001f22      0x9ae MPU6050.o
 .debug_info    0x000028d0      0x268 TIMER.o
 .debug_info    0x00002b38      0x22d twimastertimeout.o
 .debug_info    0x00002d65      0x54a USART.o

.debug_abbrev   0x00000000     0x17bc
 *(.debug_abbrev)
 .debug_abbrev  0x00000000      0xb1a C:/Program Files (x86)/Atmel/Studio/7.0/Packs/atmel/ATmega_DFP/1.2.132/gcc/dev/atmega2560/avr6/crtatmega2560.o
 .debug_abbrev  0x00000b1a       0x60 ADC.o
 .debug_abbrev  0x00000b7a       0x44 defines.o
 .debug_abbrev  0x00000bbe      0x19b functions.o
 .debug_abbrev  0x00000d59       0xd2 KALMAN.o
 .debug_abbrev  0x00000e2b      0x2f6 main.o
 .debug_abbrev  0x00001121      0x26a MPU6050.o
 .debug_abbrev  0x0000138b       0xe7 TIMER.o
 .debug_abbrev  0x00001472       0xff twimastertimeout.o
 .debug_abbrev  0x00001571      0x24b USART.o

.debug_line     0x00000000     0x1728
 *(.debug_line .debug_line.* .debug_line_end)
 .debug_line    0x00000000      0x1f9 C:/Program Files (x86)/Atmel/Studio/7.0/Packs/atmel/ATmega_DFP/1.2.132/gcc/dev/atmega2560/avr6/crtatmega2560.o
 .debug_line    0x000001f9       0xb9 ADC.o
 .debug_line    0x000002b2       0x3b defines.o
 .debug_line    0x000002ed      0x2bf functions.o
 .debug_line    0x000005ac      0x1ae KALMAN.o
 .debug_line    0x0000075a      0x379 main.o
 .debug_line    0x00000ad3      0x465 MPU6050.o
 .debug_line    0x00000f38      0x256 TIMER.o
 .debug_line    0x0000118e      0x38c twimastertimeout.o
 .debug_line    0x0000151a      0x20e USART.o

.debug_frame    0x00000000      0x7e4
 *(.debug_frame)
 .debug_frame   0x00000000       0x24 ADC.o
 .debug_frame   0x00000024      0x144 functions.o
 .debug_frame   0x00000168      0x104 KALMAN.o
 .debug_frame   0x0000026c       0x90 main.o
 .debug_frame   0x000002fc      0x214 MPU6050.o
 .debug_frame   0x00000510      0x124 TIMER.o
 .debug_frame   0x00000634       0xa0 twimastertimeout.o
 .debug_frame   0x000006d4      0x110 USART.o

.debug_str      0x00000000      0xc83
 *(.debug_str)
 .debug_str     0x00000000      0x3e6 C:/Program Files (x86)/Atmel/Studio/7.0/Packs/atmel/ATmega_DFP/1.2.132/gcc/dev/atmega2560/avr6/crtatmega2560.o
 .debug_str     0x000003e6      0x13b ADC.o
                                0x16f (size before relaxing)
 .debug_str     0x00000521       0x1e defines.o
                                0x17b (size before relaxing)
 .debug_str     0x0000053f       0xae functions.o
                                0x22a (size before relaxing)
 .debug_str     0x000005ed       0xb4 KALMAN.o
                                0x1c4 (size before relaxing)
 .debug_str     0x000006a1      0x321 main.o
                                0x5ba (size before relaxing)
 .debug_str     0x000009c2      0x17d MPU6050.o
                                0x3dc (size before relaxing)
 .debug_str     0x00000b3f       0x6b TIMER.o
                                0x269 (size before relaxing)
 .debug_str     0x00000baa       0x4c twimastertimeout.o
                                0x1e9 (size before relaxing)
 .debug_str     0x00000bf6       0x8d USART.o
                                0x283 (size before relaxing)

.debug_loc      0x00000000     0x25eb
 *(.debug_loc)
 .debug_loc     0x00000000      0x419 functions.o
 .debug_loc     0x00000419      0x502 KALMAN.o
 .debug_loc     0x0000091b      0x81b main.o
 .debug_loc     0x00001136      0xb44 MPU6050.o
 .debug_loc     0x00001c7a      0x21e TIMER.o
 .debug_loc     0x00001e98      0x31a twimastertimeout.o
 .debug_loc     0x000021b2      0x439 USART.o

.debug_macinfo
 *(.debug_macinfo)

.debug_weaknames
 *(.debug_weaknames)

.debug_funcnames
 *(.debug_funcnames)

.debug_typenames
 *(.debug_typenames)

.debug_varnames
 *(.debug_varnames)

.debug_pubtypes
 *(.debug_pubtypes)

.debug_ranges   0x00000000      0x1f0
 *(.debug_ranges)
 .debug_ranges  0x00000000       0x10 ADC.o
 .debug_ranges  0x00000010       0x38 functions.o
 .debug_ranges  0x00000048       0x28 KALMAN.o
 .debug_ranges  0x00000070       0x30 main.o
 .debug_ranges  0x000000a0       0x68 MPU6050.o
 .debug_ranges  0x00000108       0x58 TIMER.o
 .debug_ranges  0x00000160       0x48 twimastertimeout.o
 .debug_ranges  0x000001a8       0x48 USART.o

.debug_macro
 *(.debug_macro)
OUTPUT(drv_.elf elf32-avr)
LOAD linker stubs
