Archive member included to satisfy reference by file (symbol)

c:/program files (x86)/atmel/studio/7.0/toolchain/avr8/avr8-gnu-toolchain/bin/../lib/gcc/avr/5.4.0/../../../../avr/lib/avr6\libm.a(addsf3.o)
                              KALMAN.o (__subsf3)
c:/program files (x86)/atmel/studio/7.0/toolchain/avr8/avr8-gnu-toolchain/bin/../lib/gcc/avr/5.4.0/../../../../avr/lib/avr6\libm.a(addsf3x.o)
                              c:/program files (x86)/atmel/studio/7.0/toolchain/avr8/avr8-gnu-toolchain/bin/../lib/gcc/avr/5.4.0/../../../../avr/lib/avr6\libm.a(addsf3.o) (__addsf3x)
c:/program files (x86)/atmel/studio/7.0/toolchain/avr8/avr8-gnu-toolchain/bin/../lib/gcc/avr/5.4.0/../../../../avr/lib/avr6\libm.a(asin.o)
                              main.o (asin)
c:/program files (x86)/atmel/studio/7.0/toolchain/avr8/avr8-gnu-toolchain/bin/../lib/gcc/avr/5.4.0/../../../../avr/lib/avr6\libm.a(atan2.o)
                              main.o (atan2)
c:/program files (x86)/atmel/studio/7.0/toolchain/avr8/avr8-gnu-toolchain/bin/../lib/gcc/avr/5.4.0/../../../../avr/lib/avr6\libm.a(atan.o)
                              c:/program files (x86)/atmel/studio/7.0/toolchain/avr8/avr8-gnu-toolchain/bin/../lib/gcc/avr/5.4.0/../../../../avr/lib/avr6\libm.a(atan2.o) (atan)
c:/program files (x86)/atmel/studio/7.0/toolchain/avr8/avr8-gnu-toolchain/bin/../lib/gcc/avr/5.4.0/../../../../avr/lib/avr6\libm.a(cmpsf2.o)
                              functions.o (__ltsf2)
c:/program files (x86)/atmel/studio/7.0/toolchain/avr8/avr8-gnu-toolchain/bin/../lib/gcc/avr/5.4.0/../../../../avr/lib/avr6\libm.a(divsf3.o)
                              functions.o (__divsf3)
c:/program files (x86)/atmel/studio/7.0/toolchain/avr8/avr8-gnu-toolchain/bin/../lib/gcc/avr/5.4.0/../../../../avr/lib/avr6\libm.a(divsf3x.o)
                              c:/program files (x86)/atmel/studio/7.0/toolchain/avr8/avr8-gnu-toolchain/bin/../lib/gcc/avr/5.4.0/../../../../avr/lib/avr6\libm.a(divsf3.o) (__divsf3x)
c:/program files (x86)/atmel/studio/7.0/toolchain/avr8/avr8-gnu-toolchain/bin/../lib/gcc/avr/5.4.0/../../../../avr/lib/avr6\libm.a(fixsfsi.o)
                              main.o (__fixsfsi)
c:/program files (x86)/atmel/studio/7.0/toolchain/avr8/avr8-gnu-toolchain/bin/../lib/gcc/avr/5.4.0/../../../../avr/lib/avr6\libm.a(fixunssfsi.o)
                              functions.o (__fixunssfsi)
c:/program files (x86)/atmel/studio/7.0/toolchain/avr8/avr8-gnu-toolchain/bin/../lib/gcc/avr/5.4.0/../../../../avr/lib/avr6\libm.a(floatsisf.o)
                              functions.o (__floatunsisf)
c:/program files (x86)/atmel/studio/7.0/toolchain/avr8/avr8-gnu-toolchain/bin/../lib/gcc/avr/5.4.0/../../../../avr/lib/avr6\libm.a(fp_arccos.o)
                              c:/program files (x86)/atmel/studio/7.0/toolchain/avr8/avr8-gnu-toolchain/bin/../lib/gcc/avr/5.4.0/../../../../avr/lib/avr6\libm.a(asin.o) (__fp_arccos)
c:/program files (x86)/atmel/studio/7.0/toolchain/avr8/avr8-gnu-toolchain/bin/../lib/gcc/avr/5.4.0/../../../../avr/lib/avr6\libm.a(fp_cmp.o)
                              c:/program files (x86)/atmel/studio/7.0/toolchain/avr8/avr8-gnu-toolchain/bin/../lib/gcc/avr/5.4.0/../../../../avr/lib/avr6\libm.a(cmpsf2.o) (__fp_cmp)
c:/program files (x86)/atmel/studio/7.0/toolchain/avr8/avr8-gnu-toolchain/bin/../lib/gcc/avr/5.4.0/../../../../avr/lib/avr6\libm.a(fp_inf.o)
                              c:/program files (x86)/atmel/studio/7.0/toolchain/avr8/avr8-gnu-toolchain/bin/../lib/gcc/avr/5.4.0/../../../../avr/lib/avr6\libm.a(addsf3x.o) (__fp_inf)
c:/program files (x86)/atmel/studio/7.0/toolchain/avr8/avr8-gnu-toolchain/bin/../lib/gcc/avr/5.4.0/../../../../avr/lib/avr6\libm.a(fp_nan.o)
                              c:/program files (x86)/atmel/studio/7.0/toolchain/avr8/avr8-gnu-toolchain/bin/../lib/gcc/avr/5.4.0/../../../../avr/lib/avr6\libm.a(addsf3x.o) (__fp_nan)
c:/program files (x86)/atmel/studio/7.0/toolchain/avr8/avr8-gnu-toolchain/bin/../lib/gcc/avr/5.4.0/../../../../avr/lib/avr6\libm.a(fp_powser.o)
                              c:/program files (x86)/atmel/studio/7.0/toolchain/avr8/avr8-gnu-toolchain/bin/../lib/gcc/avr/5.4.0/../../../../avr/lib/avr6\libm.a(atan.o) (__fp_powser)
c:/program files (x86)/atmel/studio/7.0/toolchain/avr8/avr8-gnu-toolchain/bin/../lib/gcc/avr/5.4.0/../../../../avr/lib/avr6\libm.a(fp_powsodd.o)
                              c:/program files (x86)/atmel/studio/7.0/toolchain/avr8/avr8-gnu-toolchain/bin/../lib/gcc/avr/5.4.0/../../../../avr/lib/avr6\libm.a(asin.o) (__fp_powsodd)
c:/program files (x86)/atmel/studio/7.0/toolchain/avr8/avr8-gnu-toolchain/bin/../lib/gcc/avr/5.4.0/../../../../avr/lib/avr6\libm.a(fp_pscA.o)
                              c:/program files (x86)/atmel/studio/7.0/toolchain/avr8/avr8-gnu-toolchain/bin/../lib/gcc/avr/5.4.0/../../../../avr/lib/avr6\libm.a(addsf3x.o) (__fp_pscA)
[...]
Memory Configuration

Name             Origin             Length             Attributes
text             0x00000000         0x00100000         xr
data             0x00800200         0x0000fe00         rw !x
eeprom           0x00810000         0x00010000         rw !x
fuse             0x00820000         0x00000003         rw !x
lock             0x00830000         0x00000400         rw !x
signature        0x00840000         0x00000400         rw !x
user_signatures  0x00850000         0x00000400         rw !x
*default*        0x00000000         0xffffffff

Linker script and memory map

Address of section .data set to 0x800200
LOAD C:/Program Files (x86)/Atmel/Studio/7.0/Packs/atmel/ATmega_DFP/1.2.132/gcc/dev/atmega2560/avr6/crtatmega2560.o
LOAD ADC.o
LOAD defines.o
LOAD functions.o
LOAD KALMAN.o
LOAD main.o
LOAD MPU6050.o
LOAD TIMER.o
LOAD twimastertimeout.o
LOAD USART.o
START GROUP
LOAD c:/program files (x86)/atmel/studio/7.0/toolchain/avr8/avr8-gnu-toolchain/bin/../lib/gcc/avr/5.4.0/../../../../avr/lib/avr6\libm.a
END GROUP
START GROUP
LOAD c:/program files (x86)/atmel/studio/7.0/toolchain/avr8/avr8-gnu-toolchain/bin/../lib/gcc/avr/5.4.0/avr6\libgcc.a
LOAD c:/program files (x86)/atmel/studio/7.0/toolchain/avr8/avr8-gnu-toolchain/bin/../lib/gcc/avr/5.4.0/../../../../avr/lib/avr6\libm.a
LOAD c:/program files (x86)/atmel/studio/7.0/toolchain/avr8/avr8-gnu-toolchain/bin/../lib/gcc/avr/5.4.0/../../../../avr/lib/avr6\libc.a
LOAD C:/Program Files (x86)/Atmel/Studio/7.0/Packs/atmel/ATmega_DFP/1.2.132/gcc/dev/atmega2560/avr6\libatmega2560.a
END GROUP
                0x00100000                __TEXT_REGION_LENGTH__ = DEFINED (__TEXT_REGION_LENGTH__)?__TEXT_REGION_LENGTH__:0x100000
                0x0000fe00                __DATA_REGION_LENGTH__ = DEFINED (__DATA_REGION_LENGTH__)?__DATA_REGION_LENGTH__:0xfe00
                0x00010000                __EEPROM_REGION_LENGTH__ = DEFINED (__EEPROM_REGION_LENGTH__)?__EEPROM_REGION_LENGTH__:0x10000
                [0x00000003]                __FUSE_REGION_LENGTH__ = DEFINED (__FUSE_REGION_LENGTH__)?__FUSE_REGION_LENGTH__:0x400
                0x00000400                __LOCK_REGION_LENGTH__ = DEFINED (__LOCK_REGION_LENGTH__)?__LOCK_REGION_LENGTH__:0x400
                0x00000400                __SIGNATURE_REGION_LENGTH__ = DEFINED (__SIGNATURE_REGION_LENGTH__)?__SIGNATURE_REGION_LENGTH__:0x400
                0x00000400                __USER_SIGNATURE_REGION_LENGTH__ = DEFINED (__USER_SIGNATURE_REGION_LENGTH__)?__USER_SIGNATURE_REGION_LENGTH__:0x400

.hash
 *(.hash)

.dynsym
 *(.dynsym)

.dynstr
 *(.dynstr)

.gnu.version
 *(.gnu.version)

.gnu.version_d
 *(.gnu.version_d)

.gnu.version_r
 *(.gnu.version_r)

.rel.init
 *(.rel.init)

.rela.init
 *(.rela.init)

.rel.text
 *(.rel.text)
 *(.rel.text.*)
 *(.rel.gnu.linkonce.t*)

.rela.text
 *(.rela.text)
 *(.rela.text.*)
 *(.rela.gnu.linkonce.t*)

.rel.fini
 *(.rel.fini)

.rela.fini
 *(.rela.fini)

.rel.rodata
 *(.rel.rodata)
 *(.rel.rodata.*)
 *(.rel.gnu.linkonce.r*)

.rela.rodata
 *(.rela.rodata)
 *(.rela.rodata.*)
 *(.rela.gnu.linkonce.r*)

.rel.data
 *(.rel.data)
 *(.rel.data.*)
 *(.rel.gnu.linkonce.d*)

.rela.data
 *(.rela.data)
 *(.rela.data.*)
 *(.rela.gnu.linkonce.d*)

.rel.ctors
 *(.rel.ctors)

.rela.ctors
 *(.rela.ctors)

.rel.dtors
 *(.rel.dtors)

.rela.dtors
 *(.rela.dtors)

.rel.got
 *(.rel.got)

.rela.got
 *(.rela.got)

.rel.bss
 *(.rel.bss)

.rela.bss
 *(.rela.bss)

.rel.plt
 *(.rel.plt)

.rela.plt
 *(.rela.plt)

.text           0x00000000     0x21ce
 *(.vectors)
 .vectors       0x00000000       0xe4 C:/Program Files (x86)/Atmel/Studio/7.0/Packs/atmel/ATmega_DFP/1.2.132/gcc/dev/atmega2560/avr6/crtatmega2560.o
                0x00000000                __vector_default
                0x00000000                __vectors
 *(.vectors)
 *(.progmem.gcc*)
 .progmem.gcc_fplib
                0x000000e4       0x14 c:/program files (x86)/atmel/studio/7.0/toolchain/avr8/avr8-gnu-toolchain/bin/../lib/gcc/avr/5.4.0/../../../../avr/lib/avr6\libm.a(asin.o)
 .progmem.gcc_fplib
                0x000000f8       0x2d c:/program files (x86)/atmel/studio/7.0/toolchain/avr8/avr8-gnu-toolchain/bin/../lib/gcc/avr/5.4.0/../../../../avr/lib/avr6\libm.a(atan.o)
 .progmem.gcc_fplib
                0x00000125       0x28 c:/program files (x86)/atmel/studio/7.0/toolchain/avr8/avr8-gnu-toolchain/bin/../lib/gcc/avr/5.4.0/../../../../avr/lib/avr6\libm.a(fp_arccos.o)
 .progmem.gcc_fplib
                0x0000014d       0x1e c:/program files (x86)/atmel/studio/7.0/toolchain/avr8/avr8-gnu-toolchain/bin/../lib/gcc/avr/5.4.0/../../../../avr/lib/avr6\libm.a(fp_sinus.o)
                0x0000016c                . = ALIGN (0x2)
 *fill*         0x0000016b        0x1 
                0x0000016c                __trampolines_start = .
 *(.trampolines)
 .trampolines   0x0000016c        0x0 linker stubs
 *(.trampolines*)
                0x0000016c                __trampolines_end = .
 *libprintf_flt.a:*(.progmem.data)
 *libc.a:*(.progmem.data)
 *(.progmem*)
                0x0000016c                . = ALIGN (0x2)
 *(.jumptables)
 *(.jumptables*)
 *(.lowtext)
 *(.lowtext*)
                0x0000016c                __ctors_start = .
 *(.ctors)
                0x0000016c                __ctors_end = .
                0x0000016c                __dtors_start = .
 *(.dtors)
                0x0000016c                __dtors_end = .
 SORT(*)(.ctors)
 SORT(*)(.dtors)
 *(.init0)
 .init0         0x0000016c        0x0 C:/Program Files (x86)/Atmel/Studio/7.0/Packs/atmel/ATmega_DFP/1.2.132/gcc/dev/atmega2560/avr6/crtatmega2560.o
                0x0000016c                __init
 *(.init0)
 *(.init1)
 *(.init1)
 *(.init2)
 .init2         0x0000016c       0x10 C:/Program Files (x86)/Atmel/Studio/7.0/Packs/atmel/ATmega_DFP/1.2.132/gcc/dev/atmega2560/avr6/crtatmega2560.o
 *(.init2)
 *(.init3)
 *(.init3)
 *(.init4)
 .init4         0x0000017c       0x1a c:/program files (x86)/atmel/studio/7.0/toolchain/avr8/avr8-gnu-toolchain/bin/../lib/gcc/avr/5.4.0/avr6\libgcc.a(_copy_data.o)
                0x0000017c                __do_copy_data
 .init4         0x00000196       0x10 c:/program files (x86)/atmel/studio/7.0/toolchain/avr8/avr8-gnu-toolchain/bin/../lib/gcc/avr/5.4.0/avr6\libgcc.a(_clear_bss.o)
                0x00000196                __do_clear_bss
 *(.init4)
 *(.init5)
 *(.init5)
 *(.init6)
 *(.init6)
 *(.init7)
 *(.init7)
 *(.init8)
 *(.init8)
 *(.init9)
 .init9         0x000001a6        0x6 C:/Program Files (x86)/Atmel/Studio/7.0/Packs/atmel/ATmega_DFP/1.2.132/gcc/dev/atmega2560/avr6/crtatmega2560.o
 *(.init9)
 *(.text)
 .text          0x000001ac        0x2 C:/Program Files (x86)/Atmel/Studio/7.0/Packs/atmel/ATmega_DFP/1.2.132/gcc/dev/atmega2560/avr6/crtatmega2560.o
                0x000001ac                __vector_38
                0x000001ac                __vector_22
                0x000001ac                __vector_28
                0x000001ac                __vector_1
                0x000001ac                __vector_32
                0x000001ac                __vector_34
                0x000001ac                __vector_24
                0x000001ac                __vector_12
                0x000001ac                __vector_55
                0x000001ac                __vector_46
                0x000001ac                __bad_interrupt
                0x000001ac                __vector_6
                0x000001ac                __vector_31
                0x000001ac                __vector_35
                0x000001ac                __vector_39
                0x000001ac                __vector_3
                0x000001ac                __vector_30
                0x000001ac                __vector_45
                0x000001ac                __vector_25
                0x000001ac                __vector_11
                0x000001ac                __vector_54
                0x000001ac                __vector_13
                0x000001ac                __vector_17
                0x000001ac                __vector_19
                0x000001ac                __vector_56
                0x000001ac                __vector_7
                0x000001ac                __vector_49
                0x000001ac                __vector_41
                0x000001ac                __vector_43
                0x000001ac                __vector_27
                0x000001ac                __vector_5
                0x000001ac                __vector_33
                0x000001ac                __vector_52
                0x000001ac                __vector_37
                0x000001ac                __vector_4
                0x000001ac                __vector_44
                0x000001ac                __vector_51
                0x000001ac                __vector_9
                0x000001ac                __vector_2
                0x000001ac                __vector_21
                0x000001ac                __vector_15
                0x000001ac                __vector_36
                0x000001ac                __vector_29
                0x000001ac                __vector_40
                0x000001ac                __vector_8
                0x000001ac                __vector_26
                0x000001ac                __vector_48
                0x000001ac                __vector_14
                0x000001ac                __vector_53
                0x000001ac                __vector_10
                0x000001ac                __vector_50
                0x000001ac                __vector_16
                0x000001ac                __vector_18
                0x000001ac                __vector_20
                0x000001ac                __vector_42
                0x000001ae                . = ALIGN (0x2)
 *(.text.*)
 .text.init_gpio
                0x000001ae       0x18 functions.o
                0x000001ae                init_gpio
 .text.PWM_update
                0x000001c6      0x104 functions.o
                0x000001c6                PWM_update
 .text.getAngle
                0x000002ca      0x328 KALMAN.o
                0x000002ca                getAngle
 .text.Kalman_init
                0x000005f2       0x8e KALMAN.o
                0x000005f2                Kalman_init
 .text.main     0x00000680      0x4e0 main.o
                0x00000680                main
 .text.mpu6050_writeByte
                0x00000b60       0x1c MPU6050.o
                0x00000b60                mpu6050_writeByte
 .text.mpu6050_readBytes
                0x00000b7c       0x90 MPU6050.o
                0x00000b7c                mpu6050_readBytes
 .text.mpu6050_getRawData
                0x00000c0c       0xd6 MPU6050.o
                0x00000c0c                mpu6050_getRawData
 .text.setup_timer4
                0x00000ce2       0x28 TIMER.o
                0x00000ce2                setup_timer4
 .text.setup_timer5
                0x00000d0a       0x12 TIMER.o
                0x00000d0a                setup_timer5
 .text.Enable_timer5_compare_interrupt
                0x00000d1c        0xc TIMER.o
                0x00000d1c                Enable_timer5_compare_interrupt
 .text.setup_timer0
                0x00000d28        0xe TIMER.o
                0x00000d28                setup_timer0
 .text.Enable_timer0_overflow_interrupt
                0x00000d36        0xc TIMER.o
                0x00000d36                Enable_timer0_overflow_interrupt
 .text.micros   0x00000d42       0x4c TIMER.o
                0x00000d42                micros
 .text.__vector_23
                0x00000d8e       0x94 TIMER.o
                0x00000d8e                __vector_23
 .text.__vector_47
                0x00000e22       0x4e TIMER.o
                0x00000e22                __vector_47
 .text.i2c_init
                0x00000e70        0xc twimastertimeout.o
                0x00000e70                i2c_init
 .text.i2c_start
                0x00000e7c       0x8c twimastertimeout.o
                0x00000e7c                i2c_start
 .text.i2c_stop
                0x00000f08       0x20 twimastertimeout.o
                0x00000f08                i2c_stop
 .text.i2c_write
                0x00000f28       0x42 twimastertimeout.o
                0x00000f28                i2c_write
 .text.i2c_readAck
                0x00000f6a       0x34 twimastertimeout.o
                0x00000f6a                i2c_readAck
 .text.i2c_readNak
                0x00000f9e       0x34 twimastertimeout.o
                0x00000f9e                i2c_readNak
 .text.USART_Init
                0x00000fd2       0x16 USART.o
                0x00000fd2                USART_Init
 .text.print16  0x00000fe8       0x4c USART.o
                0x00000fe8                print16
 .text.uart_putchar
                0x00001034       0x22 USART.o
                0x00001034                uart_putchar
 .text.printSI  0x00001056       0x38 USART.o
                0x00001056                printSI
 .text.printDouble
                0x0000108e       0x6c USART.o
                0x0000108e                printDouble
 .text.avr-libc.fplib
                0x000010fa        0xa c:/program files (x86)/atmel/studio/7.0/toolchain/avr8/avr8-gnu-toolchain/bin/../lib/gcc/avr/5.4.0/../../../../avr/lib/avr6\libm.a(addsf3.o)
                0x000010fa                __subsf3
                0x000010fc                __addsf3
 .text.avr-libc.fplib
                0x00001104       0xc0 c:/program files (x86)/atmel/studio/7.0/toolchain/avr8/avr8-gnu-toolchain/bin/../lib/gcc/avr/5.4.0/../../../../avr/lib/avr6\libm.a(addsf3x.o)
                0x0000111e                __addsf3x
 .text.avr-libc.fplib
                0x000011c4       0x2e c:/program files (x86)/atmel/studio/7.0/toolchain/avr8/avr8-gnu-toolchain/bin/../lib/gcc/avr/5.4.0/../../../../avr/lib/avr6\libm.a(asin.o)
                0x000011c4                asin
 .text.avr-libc.fplib
                0x000011f2       0x74 c:/program files (x86)/atmel/studio/7.0/toolchain/avr8/avr8-gnu-toolchain/bin/../lib/gcc/avr/5.4.0/../../../../avr/lib/avr6\libm.a(atan2.o)
                0x00001210                atan2
 .text.avr-libc.fplib
                0x00001266       0x50 c:/program files (x86)/atmel/studio/7.0/toolchain/avr8/avr8-gnu-toolchain/bin/../lib/gcc/avr/5.4.0/../../../../avr/lib/avr6\libm.a(atan.o)
                0x00001266                atan
 .text.avr-libc.fplib
                0x000012b6        0x8 c:/program files (x86)/atmel/studio/7.0/toolchain/avr8/avr8-gnu-toolchain/bin/../lib/gcc/avr/5.4.0/../../../../avr/lib/avr6\libm.a(cmpsf2.o)
                0x000012b6                __nesf2
                0x000012b6                __eqsf2
                0x000012b6                __cmpsf2
                0x000012b6                __ltsf2
                0x000012b6                __lesf2
 .text.avr-libc.fplib
                0x000012be        0x4 c:/program files (x86)/atmel/studio/7.0/toolchain/avr8/avr8-gnu-toolchain/bin/../lib/gcc/avr/5.4.0/../../../../avr/lib/avr6\libm.a(divsf3.o)
                0x000012be                __divsf3
 .text.avr-libc.fplib
                0x000012c2       0xcc c:/program files (x86)/atmel/studio/7.0/toolchain/avr8/avr8-gnu-toolchain/bin/../lib/gcc/avr/5.4.0/../../../../avr/lib/avr6\libm.a(divsf3x.o)
                0x000012d8                __divsf3x
                0x000012dc                __divsf3_pse
 .text.avr-libc.fplib
                0x0000138e        0xa c:/program files (x86)/atmel/studio/7.0/toolchain/avr8/avr8-gnu-toolchain/bin/../lib/gcc/avr/5.4.0/../../../../avr/lib/avr6\libm.a(fixsfsi.o)
                0x0000138e                __fixsfsi
 .text.avr-libc.fplib
                0x00001398       0x58 c:/program files (x86)/atmel/studio/7.0/toolchain/avr8/avr8-gnu-toolchain/bin/../lib/gcc/avr/5.4.0/../../../../avr/lib/avr6\libm.a(fixunssfsi.o)
                0x00001398                __fixunssfsi
 .text.avr-libc.fplib
                0x000013f0       0x7a c:/program files (x86)/atmel/studio/7.0/toolchain/avr8/avr8-gnu-toolchain/bin/../lib/gcc/avr/5.4.0/../../../../avr/lib/avr6\libm.a(floatsisf.o)
                0x000013f0                __floatunsisf
                0x000013f4                __floatsisf
 .text.avr-libc.fplib
                0x0000146a       0x36 c:/program files (x86)/atmel/studio/7.0/toolchain/avr8/avr8-gnu-toolchain/bin/../lib/gcc/avr/5.4.0/../../../../avr/lib/avr6\libm.a(fp_arccos.o)
                0x0000146a                __fp_arccos
 .text.avr-libc.fplib
                0x000014a0       0x48 c:/program files (x86)/atmel/studio/7.0/toolchain/avr8/avr8-gnu-toolchain/bin/../lib/gcc/avr/5.4.0/../../../../avr/lib/avr6\libm.a(fp_cmp.o)
                0x000014a0                __fp_cmp
 .text.avr-libc.fplib
                0x000014e8        0xc c:/program files (x86)/atmel/studio/7.0/toolchain/avr8/avr8-gnu-toolchain/bin/../lib/gcc/avr/5.4.0/../../../../avr/lib/avr6\libm.a(fp_inf.o)
                0x000014e8                __fp_inf
 .text.avr-libc.fplib
                0x000014f4        0x6 c:/program files (x86)/atmel/studio/7.0/toolchain/avr8/avr8-gnu-toolchain/bin/../lib/gcc/avr/5.4.0/../../../../avr/lib/avr6\libm.a(fp_nan.o)
                0x000014f4                __fp_nan
 .text.avr-libc.fplib
                0x000014fa       0x4a c:/program files (x86)/atmel/studio/7.0/toolchain/avr8/avr8-gnu-toolchain/bin/../lib/gcc/avr/5.4.0/../../../../avr/lib/avr6\libm.a(fp_powser.o)
                0x000014fa                __fp_powser
 .text.avr-libc.fplib
                0x00001544       0x22 c:/program files (x86)/atmel/studio/7.0/toolchain/avr8/avr8-gnu-toolchain/bin/../lib/gcc/avr/5.4.0/../../../../avr/lib/avr6\libm.a(fp_powsodd.o)
                0x00001544                __fp_powsodd
 .text.avr-libc.fplib
                0x00001566        0xe c:/program files (x86)/atmel/studio/7.0/toolchain/avr8/avr8-gnu-toolchain/bin/../lib/gcc/avr/5.4.0/../../../../avr/lib/avr6\libm.a(fp_pscA.o)
                0x00001566                __fp_pscA
 .text.avr-libc.fplib
                0x00001574        0xe c:/program files (x86)/atmel/studio/7.0/toolchain/avr8/avr8-gnu-toolchain/bin/../lib/gcc/avr/5.4.0/../../../../avr/lib/avr6\libm.a(fp_pscB.o)
                0x00001574                __fp_pscB
 .text.avr-libc.fplib
                0x00001582       0x22 c:/program files (x86)/atmel/studio/7.0/toolchain/avr8/avr8-gnu-toolchain/bin/../lib/gcc/avr/5.4.0/../../../../avr/lib/avr6\libm.a(fp_round.o)
                0x00001582                __fp_round
 .text.avr-libc.fplib
                0x000015a4       0x44 c:/program files (x86)/atmel/studio/7.0/toolchain/avr8/avr8-gnu-toolchain/bin/../lib/gcc/avr/5.4.0/../../../../avr/lib/avr6\libm.a(fp_split3.o)
                0x000015a4                __fp_split3
                0x000015b4                __fp_splitA
 .text.avr-libc.fplib
                0x000015e8        0xe c:/program files (x86)/atmel/studio/7.0/toolchain/avr8/avr8-gnu-toolchain/bin/../lib/gcc/avr/5.4.0/../../../../avr/lib/avr6\libm.a(fp_zero.o)
                0x000015e8                __fp_zero
                0x000015ea                __fp_szero
 .text.avr-libc.fplib
                0x000015f6        0x8 c:/program files (x86)/atmel/studio/7.0/toolchain/avr8/avr8-gnu-toolchain/bin/../lib/gcc/avr/5.4.0/../../../../avr/lib/avr6\libm.a(gesf2.o)
                0x000015f6                __gesf2
                0x000015f6                __gtsf2
 .text.avr-libc.fplib
                0x000015fe        0xe c:/program files (x86)/atmel/studio/7.0/toolchain/avr8/avr8-gnu-toolchain/bin/../lib/gcc/avr/5.4.0/../../../../avr/lib/avr6\libm.a(inverse.o)
                0x000015fe                inverse
 .text.avr-libc.fplib
                0x0000160c        0x4 c:/program files (x86)/atmel/studio/7.0/toolchain/avr8/avr8-gnu-toolchain/bin/../lib/gcc/avr/5.4.0/../../../../avr/lib/avr6\libm.a(mulsf3.o)
                0x0000160c                __mulsf3
 .text.avr-libc.fplib
                0x00001610       0xc2 c:/program files (x86)/atmel/studio/7.0/toolchain/avr8/avr8-gnu-toolchain/bin/../lib/gcc/avr/5.4.0/../../../../avr/lib/avr6\libm.a(mulsf3x.o)
                0x00001624                __mulsf3x
                0x00001628                __mulsf3_pse
 .text.avr-libc.fplib
                0x000016d2        0xc c:/program files (x86)/atmel/studio/7.0/toolchain/avr8/avr8-gnu-toolchain/bin/../lib/gcc/avr/5.4.0/../../../../avr/lib/avr6\libm.a(sin.o)
                0x000016d2                sin
 .text.avr-libc.fplib
                0x000016de       0x84 c:/program files (x86)/atmel/studio/7.0/toolchain/avr8/avr8-gnu-toolchain/bin/../lib/gcc/avr/5.4.0/../../../../avr/lib/avr6\libm.a(sqrt.o)
                0x000016e6                sqrtf
                0x000016e6                sqrt
 .text.avr-libc.fplib
                0x00001762        0x6 c:/program files (x86)/atmel/studio/7.0/toolchain/avr8/avr8-gnu-toolchain/bin/../lib/gcc/avr/5.4.0/../../../../avr/lib/avr6\libm.a(square.o)
                0x00001762                square
 .text.avr-libc.fplib
                0x00001768       0x1c c:/program files (x86)/atmel/studio/7.0/toolchain/avr8/avr8-gnu-toolchain/bin/../lib/gcc/avr/5.4.0/../../../../avr/lib/avr6\libm.a(fp_mpack.o)
                0x00001768                __fp_mpack
                0x0000176c                __fp_mpack_finite
 .text.avr-libc.fplib
                0x00001784        0xe c:/program files (x86)/atmel/studio/7.0/toolchain/avr8/avr8-gnu-toolchain/bin/../lib/gcc/avr/5.4.0/../../../../avr/lib/avr6\libm.a(fp_norm2.o)
                0x00001784                __fp_norm2
 .text.avr-libc.fplib
                0x00001792       0x50 c:/program files (x86)/atmel/studio/7.0/toolchain/avr8/avr8-gnu-toolchain/bin/../lib/gcc/avr/5.4.0/../../../../avr/lib/avr6\libm.a(fp_rempio2.o)
                0x00001794                __fp_rempio2
 .text.avr-libc.fplib
                0x000017e2       0x22 c:/program files (x86)/atmel/studio/7.0/toolchain/avr8/avr8-gnu-toolchain/bin/../lib/gcc/avr/5.4.0/../../../../avr/lib/avr6\libm.a(fp_sinus.o)
                0x000017e2                __fp_sinus
 .text.libgcc.div
                0x00001804       0x26 c:/program files (x86)/atmel/studio/7.0/toolchain/avr8/avr8-gnu-toolchain/bin/../lib/gcc/avr/5.4.0/avr6\libgcc.a(_divmodhi4.o)
                0x00001804                _div
                0x00001804                __divmodhi4
 .text.libgcc.div
                0x0000182a       0x28 c:/program files (x86)/atmel/studio/7.0/toolchain/avr8/avr8-gnu-toolchain/bin/../lib/gcc/avr/5.4.0/avr6\libgcc.a(_udivmodhi4.o)
                0x0000182a                __udivmodhi4
 .text.avr-libc
                0x00001852       0x14 c:/program files (x86)/atmel/studio/7.0/toolchain/avr8/avr8-gnu-toolchain/bin/../lib/gcc/avr/5.4.0/../../../../avr/lib/avr6\libc.a(itoa.o)
                0x00001852                __itoa
                0x00001852                itoa
 .text.avr-libc
                0x00001866       0x14 c:/program files (x86)/atmel/studio/7.0/toolchain/avr8/avr8-gnu-toolchain/bin/../lib/gcc/avr/5.4.0/../../../../avr/lib/avr6\libc.a(itoa_ncheck.o)
                0x00001866                __itoa_ncheck
 .text.avr-libc
                0x0000187a       0x32 c:/program files (x86)/atmel/studio/7.0/toolchain/avr8/avr8-gnu-toolchain/bin/../lib/gcc/avr/5.4.0/../../../../avr/lib/avr6\libc.a(utoa_ncheck.o)
                0x0000187a                __utoa_ncheck
                0x0000187c                __utoa_common
 .text.avr-libc
                0x000018ac       0x94 c:/program files (x86)/atmel/studio/7.0/toolchain/avr8/avr8-gnu-toolchain/bin/../lib/gcc/avr/5.4.0/../../../../avr/lib/avr6\libc.a(fdevopen.o)
                0x000018ac                fdevopen
 .text.avr-libc
                0x00001940       0x26 c:/program files (x86)/atmel/studio/7.0/toolchain/avr8/avr8-gnu-toolchain/bin/../lib/gcc/avr/5.4.0/../../../../avr/lib/avr6\libc.a(printf.o)
                0x00001940                printf
 .text.avr-libc
                0x00001966        0xa c:/program files (x86)/atmel/studio/7.0/toolchain/avr8/avr8-gnu-toolchain/bin/../lib/gcc/avr/5.4.0/../../../../avr/lib/avr6\libc.a(putchar.o)
                0x00001966                putchar
 .text.avr-libc
                0x00001970       0x5c c:/program files (x86)/atmel/studio/7.0/toolchain/avr8/avr8-gnu-toolchain/bin/../lib/gcc/avr/5.4.0/../../../../avr/lib/avr6\libc.a(sprintf.o)
                0x00001970                sprintf
 .text.avr-libc
                0x000019cc      0x3fa c:/program files (x86)/atmel/studio/7.0/toolchain/avr8/avr8-gnu-toolchain/bin/../lib/gcc/avr/5.4.0/../../../../avr/lib/avr6\libc.a(vfprintf_std.o)
                0x000019cc                vfprintf
 .text.avr-libc
                0x00001dc6       0x34 c:/program files (x86)/atmel/studio/7.0/toolchain/avr8/avr8-gnu-toolchain/bin/../lib/gcc/avr/5.4.0/../../../../avr/lib/avr6\libc.a(calloc.o)
                0x00001dc6                calloc
 .text.avr-libc
                0x00001dfa      0x242 c:/program files (x86)/atmel/studio/7.0/toolchain/avr8/avr8-gnu-toolchain/bin/../lib/gcc/avr/5.4.0/../../../../avr/lib/avr6\libc.a(malloc.o)
                0x00001dfa                malloc
                0x00001f2a                free
 .text.avr-libc
                0x0000203c       0x16 c:/program files (x86)/atmel/studio/7.0/toolchain/avr8/avr8-gnu-toolchain/bin/../lib/gcc/avr/5.4.0/../../../../avr/lib/avr6\libc.a(strnlen_P.o)
                0x0000203c                strnlen_P
 .text.avr-libc
                0x00002052        0xe c:/program files (x86)/atmel/studio/7.0/toolchain/avr8/avr8-gnu-toolchain/bin/../lib/gcc/avr/5.4.0/../../../../avr/lib/avr6\libc.a(memset.o)
                0x00002052                memset
 .text.avr-libc
                0x00002060       0x16 c:/program files (x86)/atmel/studio/7.0/toolchain/avr8/avr8-gnu-toolchain/bin/../lib/gcc/avr/5.4.0/../../../../avr/lib/avr6\libc.a(strnlen.o)
                0x00002060                strnlen
 .text.avr-libc
                0x00002076       0x20 c:/program files (x86)/atmel/studio/7.0/toolchain/avr8/avr8-gnu-toolchain/bin/../lib/gcc/avr/5.4.0/../../../../avr/lib/avr6\libc.a(strrev.o)
                0x00002076                strrev
 .text.avr-libc
                0x00002096       0x78 c:/program files (x86)/atmel/studio/7.0/toolchain/avr8/avr8-gnu-toolchain/bin/../lib/gcc/avr/5.4.0/../../../../avr/lib/avr6\libc.a(fputc.o)
                0x00002096                fputc
 .text.avr-libc
                0x0000210e       0xbc c:/program files (x86)/atmel/studio/7.0/toolchain/avr8/avr8-gnu-toolchain/bin/../lib/gcc/avr/5.4.0/../../../../avr/lib/avr6\libc.a(ultoa_invert.o)
                0x0000210e                __ultoa_invert
                0x000021ca                . = ALIGN (0x2)
 *(.fini9)
 .fini9         0x000021ca        0x0 c:/program files (x86)/atmel/studio/7.0/toolchain/avr8/avr8-gnu-toolchain/bin/../lib/gcc/avr/5.4.0/avr6\libgcc.a(_exit.o)
                0x000021ca                _exit
                0x000021ca                exit
 *(.fini9)
 *(.fini8)
 *(.fini8)
 *(.fini7)
 *(.fini7)
 *(.fini6)
 *(.fini6)
 *(.fini5)
 *(.fini5)
 *(.fini4)
 *(.fini4)
 *(.fini3)
 *(.fini3)
 *(.fini2)
 *(.fini2)
 *(.fini1)
 *(.fini1)
 *(.fini0)
 .fini0         0x000021ca        0x4 c:/program files (x86)/atmel/studio/7.0/toolchain/avr8/avr8-gnu-toolchain/bin/../lib/gcc/avr/5.4.0/avr6\libgcc.a(_exit.o)
 *(.fini0)
                0x000021ce                _etext = .

.data           0x00800200      0x188 load address 0x000021ce
                0x00800200                PROVIDE (__data_start, .)
 *(.data)
 .data          0x00800200        0x6 c:/program files (x86)/atmel/studio/7.0/toolchain/avr8/avr8-gnu-toolchain/bin/../lib/gcc/avr/5.4.0/../../../../avr/lib/avr6\libc.a(malloc.o)
                0x00800200                __malloc_heap_end
                0x00800202                __malloc_heap_start
                0x00800204                __malloc_margin
 *(.data*)
 .data.pwmSin   0x00800206      0x169 functions.o
                0x00800206                pwmSin
 .data.W_step   0x0080036f        0x2 functions.o
                0x0080036f                W_step
 .data.V_step   0x00800371        0x2 functions.o
                0x00800371                V_step
 .data.loop_bool
                0x00800373        0x2 main.o
                0x00800373                loop_bool
 *(.rodata)
 *(.rodata*)
 .rodata.str1.1
                0x00800375        0x0 main.o
                                  0x1 (size before relaxing)
 .rodata.str1.1
                0x00800375       0x12 USART.o
 *(.gnu.linkonce.d*)
                0x00800388                . = ALIGN (0x2)
 *fill*         0x00800387        0x1 
                0x00800388                _edata = .
                0x00800388                PROVIDE (__data_end, .)

.bss            0x00800388       0x53
                0x00800388                PROVIDE (__bss_start, .)
 *(.bss)
 *(.bss*)
 .bss.U_step    0x00800388        0x2 functions.o
                0x00800388                U_step
 .bss.timer0_fract
                0x0080038a        0x1 TIMER.o
 .bss.timer0_millis
                0x0080038b        0x4 TIMER.o
                0x0080038b                timer0_millis
 .bss.timer0_overflow_count
                0x0080038f        0x4 TIMER.o
                0x0080038f                timer0_overflow_count
 *(COMMON)
 COMMON         0x00800393        0x2 ADC.o
                0x00800393                pwm_delay
 COMMON         0x00800395        0x4 defines.o
                0x00800395                direction
                0x00800397                incr
 COMMON         0x00800399       0x28 KALMAN.o
                0x00800399                Q_bias
                0x0080039d                rate
                0x008003a1                Q_angle
                0x008003a5                bias
                0x008003a9                R_measure
                0x008003ad                angle
                0x008003b1                P
 COMMON         0x008003c1       0x10 main.o
                0x008003c1                uart_str
                0x008003c3                buffer
 COMMON         0x008003d1        0x6 c:/program files (x86)/atmel/studio/7.0/toolchain/avr8/avr8-gnu-toolchain/bin/../lib/gcc/avr/5.4.0/../../../../avr/lib/avr6\libc.a(iob.o)
                0x008003d1                __iob
 COMMON         0x008003d7        0x4 c:/program files (x86)/atmel/studio/7.0/toolchain/avr8/avr8-gnu-toolchain/bin/../lib/gcc/avr/5.4.0/../../../../avr/lib/avr6\libc.a(malloc.o)
                0x008003d7                __brkval
                0x008003d9                __flp
                0x008003db                PROVIDE (__bss_end, .)
                0x000021ce                __data_load_start = LOADADDR (.data)
                0x00002356                __data_load_end = (__data_load_start + SIZEOF (.data))

.noinit         0x008003db        0x0
                [!provide]                PROVIDE (__noinit_start, .)
 *(.noinit*)
                [!provide]                PROVIDE (__noinit_end, .)
                0x008003db                _end = .
                0x008003db                PROVIDE (__heap_start, .)

.eeprom         0x00810000        0x0
 *(.eeprom*)
                0x00810000                __eeprom_end = .

.fuse
 *(.fuse)
 *(.lfuse)
 *(.hfuse)
 *(.efuse)

.lock
 *(.lock*)

.signature
 *(.signature*)

.user_signatures
 *(.user_signatures*)

.stab
 *(.stab)

.stabstr
 *(.stabstr)

.stab.excl
 *(.stab.excl)

.stab.exclstr
 *(.stab.exclstr)

.stab.index
 *(.stab.index)

.stab.indexstr
 *(.stab.indexstr)

.comment        0x00000000       0x5c
 *(.comment)
 .comment       0x00000000       0x30 ADC.o
                                 0x31 (size before relaxing)
 .comment       0x00000030       0x31 defines.o
 .comment       0x00000030       0x31 functions.o
 .comment       0x00000030       0x31 KALMAN.o
 .comment       0x00000030       0x31 main.o
 .comment       0x00000030       0x31 MPU6050.o
 .comment       0x00000030       0x31 TIMER.o
 .comment       0x00000030       0x31 twimastertimeout.o
 .comment       0x00000030       0x31 USART.o
 .comment       0x00000030       0x31 c:/program files (x86)/atmel/studio/7.0/toolchain/avr8/avr8-gnu-toolchain/bin/../lib/gcc/avr/5.4.0/../../../../avr/lib/avr6\libc.a(fdevopen.o)
 .comment       0x00000030       0x31 c:/program files (x86)/atmel/studio/7.0/toolchain/avr8/avr8-gnu-toolchain/bin/../lib/gcc/avr/5.4.0/../../../../avr/lib/avr6\libc.a(iob.o)
 .comment       0x00000030       0x31 c:/program files (x86)/atmel/studio/7.0/toolchain/avr8/avr8-gnu-toolchain/bin/../lib/gcc/avr/5.4.0/../../../../avr/lib/avr6\libc.a(printf.o)
 .comment       0x00000030       0x31 c:/program files (x86)/atmel/studio/7.0/toolchain/avr8/avr8-gnu-toolchain/bin/../lib/gcc/avr/5.4.0/../../../../avr/lib/avr6\libc.a(putchar.o)
 .comment       0x00000030       0x31 c:/program files (x86)/atmel/studio/7.0/toolchain/avr8/avr8-gnu-toolchain/bin/../lib/gcc/avr/5.4.0/../../../../avr/lib/avr6\libc.a(sprintf.o)
 .comment       0x00000030       0x2c c:/program files (x86)/atmel/studio/7.0/toolchain/avr8/avr8-gnu-toolchain/bin/../lib/gcc/avr/5.4.0/../../../../avr/lib/avr6\libc.a(vfprintf_std.o)
                                 0x2d (size before relaxing)
 .comment       0x0000005c       0x31 c:/program files (x86)/atmel/studio/7.0/toolchain/avr8/avr8-gnu-toolchain/bin/../lib/gcc/avr/5.4.0/../../../../avr/lib/avr6\libc.a(calloc.o)
 .comment       0x0000005c       0x31 c:/program files (x86)/atmel/studio/7.0/toolchain/avr8/avr8-gnu-toolchain/bin/../lib/gcc/avr/5.4.0/../../../../avr/lib/avr6\libc.a(malloc.o)
 .comment       0x0000005c       0x31 c:/program files (x86)/atmel/studio/7.0/toolchain/avr8/avr8-gnu-toolchain/bin/../lib/gcc/avr/5.4.0/../../../../avr/lib/avr6\libc.a(fputc.o)

.note.gnu.avr.deviceinfo
                0x00000000       0x40
 .note.gnu.avr.deviceinfo
                0x00000000       0x40 C:/Program Files (x86)/Atmel/Studio/7.0/Packs/atmel/ATmega_DFP/1.2.132/gcc/dev/atmega2560/avr6/crtatmega2560.o

.note.gnu.build-id
 *(.note.gnu.build-id)

.debug
 *(.debug)

.line
 *(.line)

.debug_srcinfo
 *(.debug_srcinfo)

.debug_sfnames
 *(.debug_sfnames)

.debug_aranges  0x00000000      0x240
 *(.debug_aranges)
 .debug_aranges
                0x00000000       0x20 ADC.o
 .debug_aranges
                0x00000020       0x18 defines.o
 .debug_aranges
                0x00000038       0x40 functions.o
 .debug_aranges
                0x00000078       0x28 KALMAN.o
 .debug_aranges
                0x000000a0       0x20 main.o
 .debug_aranges
                0x000000c0       0x78 MPU6050.o
 .debug_aranges
                0x00000138       0x60 TIMER.o
 .debug_aranges
                0x00000198       0x58 twimastertimeout.o
 .debug_aranges
                0x000001f0       0x50 USART.o

.debug_pubnames
 *(.debug_pubnames)

.debug_info     0x00000000     0x2cc4
 *(.debug_info .gnu.linkonce.wi.*)
 .debug_info    0x00000000      0xbbc C:/Program Files (x86)/Atmel/Studio/7.0/Packs/atmel/ATmega_DFP/1.2.132/gcc/dev/atmega2560/avr6/crtatmega2560.o
 .debug_info    0x00000bbc       0x94 ADC.o
 .debug_info    0x00000c50       0x9e defines.o
 .debug_info    0x00000cee      0x2df functions.o
 .debug_info    0x00000fcd      0x17e KALMAN.o
 .debug_info    0x0000114b      0x90b main.o
 .debug_info    0x00001a56      0x9ae MPU6050.o
 .debug_info    0x00002404      0x252 TIMER.o
 .debug_info    0x00002656      0x22d twimastertimeout.o
 .debug_info    0x00002883      0x441 USART.o

.debug_abbrev   0x00000000     0x16c6
 *(.debug_abbrev)
 .debug_abbrev  0x00000000      0xb1a C:/Program Files (x86)/Atmel/Studio/7.0/Packs/atmel/ATmega_DFP/1.2.132/gcc/dev/atmega2560/avr6/crtatmega2560.o
 .debug_abbrev  0x00000b1a       0x60 ADC.o
 .debug_abbrev  0x00000b7a       0x44 defines.o
 .debug_abbrev  0x00000bbe      0x19b functions.o
 .debug_abbrev  0x00000d59       0xd2 KALMAN.o
 .debug_abbrev  0x00000e2b      0x24b main.o
 .debug_abbrev  0x00001076      0x26a MPU6050.o
 .debug_abbrev  0x000012e0       0xe7 TIMER.o
 .debug_abbrev  0x000013c7       0xff twimastertimeout.o
 .debug_abbrev  0x000014c6      0x200 USART.o

.debug_line     0x00000000     0x1517
 *(.debug_line .debug_line.* .debug_line_end)
 .debug_line    0x00000000      0x1f9 C:/Program Files (x86)/Atmel/Studio/7.0/Packs/atmel/ATmega_DFP/1.2.132/gcc/dev/atmega2560/avr6/crtatmega2560.o
 .debug_line    0x000001f9       0xb9 ADC.o
 .debug_line    0x000002b2       0x3b defines.o
 .debug_line    0x000002ed      0x272 functions.o
 .debug_line    0x0000055f       0xf1 KALMAN.o
 .debug_line    0x00000650      0x2e1 main.o
 .debug_line    0x00000931      0x465 MPU6050.o
 .debug_line    0x00000d96      0x228 TIMER.o
 .debug_line    0x00000fbe      0x38c twimastertimeout.o
 .debug_line    0x0000134a      0x1cd USART.o

.debug_frame    0x00000000      0x6d0
 *(.debug_frame)
 .debug_frame   0x00000000       0x24 ADC.o
 .debug_frame   0x00000024      0x134 functions.o
 .debug_frame   0x00000158       0x8c KALMAN.o
 .debug_frame   0x000001e4       0x34 main.o
 .debug_frame   0x00000218      0x214 MPU6050.o
 .debug_frame   0x0000042c      0x114 TIMER.o
 .debug_frame   0x00000540       0xa0 twimastertimeout.o
 .debug_frame   0x000005e0       0xf0 USART.o

.debug_str      0x00000000      0xb93
 *(.debug_str)
 .debug_str     0x00000000      0x3e6 C:/Program Files (x86)/Atmel/Studio/7.0/Packs/atmel/ATmega_DFP/1.2.132/gcc/dev/atmega2560/avr6/crtatmega2560.o
 .debug_str     0x000003e6      0x13b ADC.o
                                0x16f (size before relaxing)
 .debug_str     0x00000521       0x1e defines.o
                                0x17b (size before relaxing)
 .debug_str     0x0000053f       0x9e functions.o
                                0x21a (size before relaxing)
 .debug_str     0x000005dd       0x5f KALMAN.o
                                0x160 (size before relaxing)
 .debug_str     0x0000063c      0x28f main.o
                                0x4cb (size before relaxing)
 .debug_str     0x000008cb      0x1c1 MPU6050.o
                                0x3dc (size before relaxing)
 .debug_str     0x00000a8c       0x5e TIMER.o
                                0x25c (size before relaxing)
 .debug_str     0x00000aea       0x4c twimastertimeout.o
                                0x1e9 (size before relaxing)
 .debug_str     0x00000b36       0x5d USART.o
                                0x25a (size before relaxing)

.debug_loc      0x00000000     0x1d9c
 *(.debug_loc)
 .debug_loc     0x00000000      0x419 functions.o
 .debug_loc     0x00000419      0x281 KALMAN.o
 .debug_loc     0x0000069a      0x39b main.o
 .debug_loc     0x00000a35      0xb44 MPU6050.o
 .debug_loc     0x00001579      0x21e TIMER.o
 .debug_loc     0x00001797      0x31a twimastertimeout.o
 .debug_loc     0x00001ab1      0x2eb USART.o

.debug_macinfo
 *(.debug_macinfo)

.debug_weaknames
 *(.debug_weaknames)

.debug_funcnames
 *(.debug_funcnames)

.debug_typenames
 *(.debug_typenames)

.debug_varnames
 *(.debug_varnames)

.debug_pubtypes
 *(.debug_pubtypes)

.debug_ranges   0x00000000      0x1a8
 *(.debug_ranges)
 .debug_ranges  0x00000000       0x10 ADC.o
 .debug_ranges  0x00000010       0x30 functions.o
 .debug_ranges  0x00000040       0x18 KALMAN.o
 .debug_ranges  0x00000058       0x10 main.o
 .debug_ranges  0x00000068       0x68 MPU6050.o
 .debug_ranges  0x000000d0       0x50 TIMER.o
 .debug_ranges  0x00000120       0x48 twimastertimeout.o
 .debug_ranges  0x00000168       0x40 USART.o

.debug_macro
 *(.debug_macro)
OUTPUT(drv_.elf elf32-avr)
LOAD linker stubs
